c[?7l[2J[0mSeaBIOS (version 1.16.3-debian-1.16.3-2)


iPXE (https://ipxe.org) 00:02.0 C000 PCI2.10 PnP PMM+BEFC7C80+BEF07C80 C000
Press Ctrl-B to configure iPXE (PCI 00:02.0)...                                                                               


Booting from ROM..c[?7l[2J[    0.000000] Linux version 6.3.0 (unikernels@measure) (gcc-14 (Ubuntu 14.3.0-8ubuntu1) 14.3.0, GNU ld (GNU Binutils for Ubuntu) 2.45) #2 SMP PREEMPT_DYNAMIC Sat May 16 16:29:57 UTC 2026
[    0.000000] Command line: console=ttyS0 net.ifnames=0 biosdevname=0 clearcpuid=smap,smep mitigations=off mds=off ip=10.0.2.15::10.0.2.2:255.255.255.0::eth0:on
[    0.000000] Clearing CPUID bits: smap smep
[    0.000000] x86/fpu: Supporting XSAVE feature 0x001: 'x87 floating point registers'
[    0.000000] x86/fpu: Supporting XSAVE feature 0x002: 'SSE registers'
[    0.000000] x86/fpu: Supporting XSAVE feature 0x004: 'AVX registers'
[    0.000000] x86/fpu: xstate_offset[2]:  576, xstate_sizes[2]:  256
[    0.000000] x86/fpu: Enabled xstate features 0x7, context size is 832 bytes, using 'standard' format.
[    0.000000] signal: max sigframe size: 1776
[    0.000000] BIOS-provided physical RAM map:
[    0.000000] BIOS-e820: [mem 0x0000000000000000-0x000000000009fbff] usable
[    0.000000] BIOS-e820: [mem 0x000000000009fc00-0x000000000009ffff] reserved
[    0.000000] BIOS-e820: [mem 0x00000000000f0000-0x00000000000fffff] reserved
[    0.000000] BIOS-e820: [mem 0x0000000000100000-0x00000000bffdffff] usable
[    0.000000] BIOS-e820: [mem 0x00000000bffe0000-0x00000000bfffffff] reserved
[    0.000000] BIOS-e820: [mem 0x00000000feffc000-0x00000000feffffff] reserved
[    0.000000] BIOS-e820: [mem 0x00000000fffc0000-0x00000000ffffffff] reserved
[    0.000000] BIOS-e820: [mem 0x0000000100000000-0x000000013fffffff] usable
[    0.000000] NX (Execute Disable) protection: active
[    0.000000] SMBIOS 2.8 present.
[    0.000000] DMI: QEMU Ubuntu 25.10 PC v2 (i440FX + PIIX, + 10.1 machine, 1996), BIOS 1.16.3-debian-1.16.3-2 04/01/2014
[    0.000000] tsc: Fast TSC calibration using PIT
[    0.000000] tsc: Detected 2600.111 MHz processor
[    0.000415] last_pfn = 0x140000 max_arch_pfn = 0x400000000
[    0.000461] x86/PAT: Configuration [0-7]: WB  WC  UC- UC  WB  WP  UC- WT  
[    0.000517] last_pfn = 0xbffe0 max_arch_pfn = 0x400000000
[    0.001000] found SMP MP-table at [mem 0x000f5480-0x000f548f]
[    0.001000] Using GB pages for direct mapping
[    0.001000] RAMDISK: [mem 0xbedad000-0xbffdffff]
[    0.001000] ACPI: Early table checksum verification disabled
[    0.001000] ACPI: RSDP 0x00000000000F5260 000014 (v00 BOCHS )
[    0.001000] ACPI: RSDT 0x00000000BFFE230C 000034 (v01 BOCHS  BXPC     00000001 BXPC 00000001)
[    0.001000] ACPI: FACP 0x00000000BFFE21C0 000074 (v01 BOCHS  BXPC     00000001 BXPC 00000001)
[    0.001000] ACPI: DSDT 0x00000000BFFE0040 002180 (v01 BOCHS  BXPC     00000001 BXPC 00000001)
[    0.001000] ACPI: FACS 0x00000000BFFE0000 000040
[    0.001000] ACPI: APIC 0x00000000BFFE2234 000078 (v03 BOCHS  BXPC     00000001 BXPC 00000001)
[    0.001000] ACPI: HPET 0x00000000BFFE22AC 000038 (v01 BOCHS  BXPC     00000001 BXPC 00000001)
[    0.001000] ACPI: WAET 0x00000000BFFE22E4 000028 (v01 BOCHS  BXPC     00000001 BXPC 00000001)
[    0.001000] ACPI: Reserving FACP table memory at [mem 0xbffe21c0-0xbffe2233]
[    0.001000] ACPI: Reserving DSDT table memory at [mem 0xbffe0040-0xbffe21bf]
[    0.001000] ACPI: Reserving FACS table memory at [mem 0xbffe0000-0xbffe003f]
[    0.001000] ACPI: Reserving APIC table memory at [mem 0xbffe2234-0xbffe22ab]
[    0.001000] ACPI: Reserving HPET table memory at [mem 0xbffe22ac-0xbffe22e3]
[    0.001000] ACPI: Reserving WAET table memory at [mem 0xbffe22e4-0xbffe230b]
[    0.001000] No NUMA configuration found
[    0.001000] Faking a node at [mem 0x0000000000000000-0x000000013fffffff]
[    0.001000] NODE_DATA(0) allocated [mem 0x13fffa000-0x13fffdfff]
[    0.001000] Zone ranges:
[    0.001000]   DMA      [mem 0x0000000000001000-0x0000000000ffffff]
[    0.001000]   DMA32    [mem 0x0000000001000000-0x00000000ffffffff]
[    0.001000]   Normal   [mem 0x0000000100000000-0x000000013fffffff]
[    0.001000] Movable zone start for each node
[    0.001000] Early memory node ranges
[    0.001000]   node   0: [mem 0x0000000000001000-0x000000000009efff]
[    0.001000]   node   0: [mem 0x0000000000100000-0x00000000bffdffff]
[    0.001000]   node   0: [mem 0x0000000100000000-0x000000013fffffff]
[    0.001000] Initmem setup node 0 [mem 0x0000000000001000-0x000000013fffffff]
[    0.001000] On node 0, zone DMA: 1 pages in unavailable ranges
[    0.001000] On node 0, zone DMA: 97 pages in unavailable ranges
[    0.001000] On node 0, zone Normal: 32 pages in unavailable ranges
[    0.001000] ACPI: PM-Timer IO Port: 0x608
[    0.001000] ACPI: LAPIC_NMI (acpi_id[0xff] dfl dfl lint[0x1])
[    0.001000] IOAPIC[0]: apic_id 0, version 17, address 0xfec00000, GSI 0-23
[    0.001000] ACPI: INT_SRC_OVR (bus 0 bus_irq 0 global_irq 2 dfl dfl)
[    0.001000] ACPI: INT_SRC_OVR (bus 0 bus_irq 5 global_irq 5 high level)
[    0.001000] ACPI: INT_SRC_OVR (bus 0 bus_irq 9 global_irq 9 high level)
[    0.001000] ACPI: INT_SRC_OVR (bus 0 bus_irq 10 global_irq 10 high level)
[    0.001000] ACPI: INT_SRC_OVR (bus 0 bus_irq 11 global_irq 11 high level)
[    0.001000] ACPI: Using ACPI (MADT) for SMP configuration information
[    0.001000] ACPI: HPET id: 0x8086a201 base: 0xfed00000
[    0.001000] TSC deadline timer available
[    0.001000] smpboot: Allowing 1 CPUs, 0 hotplug CPUs
[    0.001000] PM: hibernation: Registered nosave memory: [mem 0x00000000-0x00000fff]
[    0.001000] PM: hibernation: Registered nosave memory: [mem 0x0009f000-0x0009ffff]
[    0.001000] PM: hibernation: Registered nosave memory: [mem 0x000a0000-0x000effff]
[    0.001000] PM: hibernation: Registered nosave memory: [mem 0x000f0000-0x000fffff]
[    0.001000] PM: hibernation: Registered nosave memory: [mem 0xbffe0000-0xbfffffff]
[    0.001000] PM: hibernation: Registered nosave memory: [mem 0xc0000000-0xfeffbfff]
[    0.001000] PM: hibernation: Registered nosave memory: [mem 0xfeffc000-0xfeffffff]
[    0.001000] PM: hibernation: Registered nosave memory: [mem 0xff000000-0xfffbffff]
[    0.001000] PM: hibernation: Registered nosave memory: [mem 0xfffc0000-0xffffffff]
[    0.001000] [mem 0xc0000000-0xfeffbfff] available for PCI devices
[    0.001000] clocksource: refined-jiffies: mask: 0xffffffff max_cycles: 0xffffffff, max_idle_ns: 1910969940391419 ns
[    0.001000] setup_percpu: NR_CPUS:64 nr_cpumask_bits:1 nr_cpu_ids:1 nr_node_ids:1
[    0.001000] percpu: Embedded 53 pages/cpu s185512 r0 d31576 u2097152
[    0.001000] Fallback order for Node 0: 0 
[    0.001000] Built 1 zonelists, mobility grouping on.  Total pages: 1031904
[    0.001000] Policy zone: Normal
[    0.001000] Kernel command line: console=ttyS0 net.ifnames=0 biosdevname=0 clearcpuid=smap,smep mitigations=off mds=off ip=10.0.2.15::10.0.2.2:255.255.255.0::eth0:on
[    0.001000] Unknown kernel command line parameters "biosdevname=0", will be passed to user space.
[    0.001000] random: crng init done
[    0.001000] Dentry cache hash table entries: 524288 (order: 10, 4194304 bytes, linear)
[    0.001000] Inode-cache hash table entries: 262144 (order: 9, 2097152 bytes, linear)
[    0.001000] mem auto-init: stack:off, heap alloc:off, heap free:off
[    0.001000] software IO TLB: area num 1.
[    0.001000] Memory: 3990900K/4193784K available (22725K kernel code, 2848K rwdata, 5944K rodata, 1328K init, 2708K bss, 202628K reserved, 0K cma-reserved)
[    0.001000] SLUB: HWalign=64, Order=0-3, MinObjects=0, CPUs=1, Nodes=1
[    0.001000] Dynamic Preempt: none
[    0.001000] rcu: Preemptible hierarchical RCU implementation.
[    0.001000] rcu: 	RCU event tracing is enabled.
[    0.001000] rcu: 	RCU restricting CPUs from NR_CPUS=64 to nr_cpu_ids=1.
[    0.001000] 	Trampoline variant of Tasks RCU enabled.
[    0.001000] 	Tracing variant of Tasks RCU enabled.
[    0.001000] rcu: RCU calculated value of scheduler-enlistment delay is 100 jiffies.
[    0.001000] rcu: Adjusting geometry for rcu_fanout_leaf=16, nr_cpu_ids=1
[    0.001000] NR_IRQS: 4352, nr_irqs: 256, preallocated irqs: 16
[    0.001000] rcu: srcu_init: Setting srcu_struct sizes based on contention.
[    0.001000] Console: colour *CGA 80x25
[    0.001000] printk: console [ttyS0] enabled
[    0.001000] ACPI: Core revision 20221020
[    0.001000] clocksource: hpet: mask: 0xffffffff max_cycles: 0xffffffff, max_idle_ns: 19112604467 ns
[    0.001000] APIC: Switch to symmetric I/O mode setup
[    0.001000] ..TIMER: vector=0x30 apic1=0 pin1=2 apic2=-1 pin2=-1
[    0.001000] clocksource: tsc-early: mask: 0xffffffffffffffff max_cycles: 0x257aa4c9cb3, max_idle_ns: 440795202126 ns
[    0.350627] Calibrating delay loop (skipped), value calculated using timer frequency.. 5200.22 BogoMIPS (lpj=2600111)
[    0.351625] pid_max: default: 32768 minimum: 301
[    0.352642] LSM: initializing lsm=capability,integrity,selinux
[    0.353631] SELinux:  Initializing.
[    0.354655] Mount-cache hash table entries: 8192 (order: 4, 65536 bytes, linear)
[    0.355630] Mountpoint-cache hash table entries: 8192 (order: 4, 65536 bytes, linear)
[    0.356910] Clearing SMEP for 0
[    0.357627] Clearing SMAP for 0
[    0.358630] x86/cpu: User Mode Instruction Prevention (UMIP) activated
[    0.359719] Last level iTLB entries: 4KB 0, 2MB 0, 4MB 0
[    0.360624] Last level dTLB entries: 4KB 0, 2MB 0, 4MB 0, 1GB 0
[    0.361633] Spectre V2 : User space: Vulnerable
[    0.362626] Speculative Store Bypass: Vulnerable
[    0.369375] Freeing SMP alternatives memory: 52K
[    0.369803] smpboot: CPU0: Intel(R) Xeon(R) CPU E5-2650 v2 @ 2.60GHz (family: 0x6, model: 0x3e, stepping: 0x4)
[    0.370731] cblist_init_generic: Setting adjustable number of callback queues.
[    0.371627] cblist_init_generic: Setting shift to 0 and lim to 1.
[    0.372649] cblist_init_generic: Setting shift to 0 and lim to 1.
[    0.373650] Performance Events: IvyBridge events, full-width counters, Intel PMU driver.
[    0.374633] ... version:                2
[    0.375628] ... bit width:              48
[    0.376627] ... generic registers:      8
[    0.377628] ... value mask:             0000ffffffffffff
[    0.378628] ... max period:             00007fffffffffff
[    0.379628] ... fixed-purpose events:   3
[    0.380628] ... event mask:             00000007000000ff
[    0.381787] rcu: Hierarchical SRCU implementation.
[    0.382627] rcu: 	Max phase no-delay instances is 400.
[    0.384191] smp: Bringing up secondary CPUs ...
[    0.384631] smp: Brought up 1 node, 1 CPU
[    0.385647] smpboot: Max logical packages: 1
[    0.386628] smpboot: Total of 1 processors activated (5200.22 BogoMIPS)
[    0.387905] devtmpfs: initialized
[    0.388819] clocksource: jiffies: mask: 0xffffffff max_cycles: 0xffffffff, max_idle_ns: 1911260446275000 ns
[    0.389629] futex hash table entries: 256 (order: 2, 16384 bytes, linear)
[    0.390814] PM: RTC time: 16:30:43, date: 2026-05-16
[    0.391703] NET: Registered PF_NETLINK/PF_ROUTE protocol family
[    0.392702] audit: initializing netlink subsys (disabled)
[    0.393738] thermal_sys: Registered thermal governor 'step_wise'
[    0.393739] thermal_sys: Registered thermal governor 'user_space'
[    0.394656] audit: type=2000 audit(1778949043.051:1): state=initialized audit_enabled=0 res=1
[    0.396642] cpuidle: using governor menu
[    0.397918] PCI: Using configuration type 1 for base access
[    0.398655] core: PMU erratum BJ122, BV98, HSD29 workaround disabled, HT off
[    0.490224] HugeTLB: registered 2.00 MiB page size, pre-allocated 0 pages
[    0.490628] HugeTLB: 28 KiB vmemmap can be freed for a 2.00 MiB page
[    0.491752] ACPI: Added _OSI(Module Device)
[    0.492628] ACPI: Added _OSI(Processor Device)
[    0.493628] ACPI: Added _OSI(3.0 _SCP Extensions)
[    0.494628] ACPI: Added _OSI(Processor Aggregator Device)
[    0.496232] ACPI: 1 ACPI AML tables successfully acquired and loaded
[    0.497749] ACPI: Interpreter enabled
[    0.498658] ACPI: PM: (supports S0 S3 S4 S5)
[    0.499628] ACPI: Using IOAPIC for interrupt routing
[    0.500644] PCI: Using host bridge windows from ACPI; if necessary, use "pci=nocrs" and report a bug
[    0.501627] PCI: Using E820 reservations for host bridge windows
[    0.502718] ACPI: Enabled 2 GPEs in block 00 to 0F
[    0.505285] ACPI: PCI Root Bridge [PCI0] (domain 0000 [bus 00-ff])
[    0.505631] acpi PNP0A03:00: _OSC: OS supports [ASPM ClockPM Segments MSI HPX-Type3]
[    0.506627] acpi PNP0A03:00: _OSC: not requesting OS control; OS requires [ExtendedConfig ASPM ClockPM MSI]
[    0.507635] acpi PNP0A03:00: fail to add MMCONFIG information, can't access extended configuration space under this bridge
[    0.508683] PCI host bridge to bus 0000:00
[    0.509627] pci_bus 0000:00: root bus resource [io  0x0000-0x0cf7 window]
[    0.510627] pci_bus 0000:00: root bus resource [io  0x0d00-0xffff window]
[    0.511627] pci_bus 0000:00: root bus resource [mem 0x000a0000-0x000bffff window]
[    0.512627] pci_bus 0000:00: root bus resource [mem 0xc0000000-0xfebfffff window]
[    0.513627] pci_bus 0000:00: root bus resource [mem 0x140000000-0x1bfffffff window]
[    0.514627] pci_bus 0000:00: root bus resource [bus 00-ff]
[    0.515705] pci 0000:00:00.0: [8086:1237] type 00 class 0x060000
[    0.517548] pci 0000:00:01.0: [8086:7000] type 00 class 0x060100
[    0.518903] pci 0000:00:01.1: [8086:7010] type 00 class 0x010180
[    0.522242] pci 0000:00:01.1: reg 0x20: [io  0xc040-0xc04f]
[    0.523981] pci 0000:00:01.1: legacy IDE quirk: reg 0x10: [io  0x01f0-0x01f7]
[    0.524627] pci 0000:00:01.1: legacy IDE quirk: reg 0x14: [io  0x03f6]
[    0.525627] pci 0000:00:01.1: legacy IDE quirk: reg 0x18: [io  0x0170-0x0177]
[    0.526628] pci 0000:00:01.1: legacy IDE quirk: reg 0x1c: [io  0x0376]
[    0.527922] pci 0000:00:01.3: [8086:7113] type 00 class 0x068000
[    0.529648] pci 0000:00:01.3: quirk: [io  0x0600-0x063f] claimed by PIIX4 ACPI
[    0.530645] pci 0000:00:01.3: quirk: [io  0x0700-0x070f] claimed by PIIX4 SMB
[    0.532083] pci 0000:00:02.0: [8086:100e] type 00 class 0x020000
[    0.533626] pci 0000:00:02.0: reg 0x10: [mem 0xfeb80000-0xfeb9ffff]
[    0.535530] pci 0000:00:02.0: reg 0x14: [io  0xc000-0xc03f]
[    0.540350] pci 0000:00:02.0: reg 0x30: [mem 0xfeb00000-0xfeb7ffff pref]
[    0.541871] ACPI: PCI: Interrupt link LNKA configured for IRQ 10
[    0.542770] ACPI: PCI: Interrupt link LNKB configured for IRQ 10
[    0.543824] ACPI: PCI: Interrupt link LNKC configured for IRQ 11
[    0.544769] ACPI: PCI: Interrupt link LNKD configured for IRQ 11
[    0.545706] ACPI: PCI: Interrupt link LNKS configured for IRQ 9
[    0.546794] iommu: Default domain type: Translated 
[    0.547626] iommu: DMA domain TLB invalidation policy: lazy mode 
[    0.548683] SCSI subsystem initialized
[    0.549687] ACPI: bus type USB registered
[    0.550636] usbcore: registered new interface driver usbfs
[    0.551633] usbcore: registered new interface driver hub
[    0.552635] usbcore: registered new device driver usb
[    0.553640] pps_core: LinuxPPS API ver. 1 registered
[    0.554626] pps_core: Software ver. 5.3.6 - Copyright 2005-2007 Rodolfo Giometti <giometti@linux.it>
[    0.555631] PTP clock support registered
[    0.556660] EDAC MC: Ver: 3.0.0
[    0.557769] Advanced Linux Sound Architecture Driver Initialized.
[    0.558805] NetLabel: Initializing
[    0.559626] NetLabel:  domain hash size = 128
[    0.560626] NetLabel:  protocols = UNLABELED CIPSOv4 CALIPSO
[    0.561641] NetLabel:  unlabeled traffic allowed by default
[    0.562658] PCI: Using ACPI for IRQ routing
[    0.563822] vgaarb: loaded
[    0.564642] hpet0: at MMIO 0xfed00000, IRQs 2, 8, 0
[    0.565626] hpet0: 3 comparators, 64-bit 100.000000 MHz counter
[    0.569642] clocksource: Switched to clocksource tsc-early
[    0.571168] VFS: Disk quotas dquot_6.6.0
[    0.572274] VFS: Dquot-cache hash table entries: 512 (order 0, 4096 bytes)
[    0.574153] pnp: PnP ACPI init
[    0.575313] pnp: PnP ACPI: found 5 devices
[    0.588788] clocksource: acpi_pm: mask: 0xffffff max_cycles: 0xffffff, max_idle_ns: 2085701024 ns
[    0.591381] NET: Registered PF_INET protocol family
[    0.592834] IP idents hash table entries: 65536 (order: 7, 524288 bytes, linear)
[    0.595742] tcp_listen_portaddr_hash hash table entries: 2048 (order: 3, 32768 bytes, linear)
[    0.600051] Table-perturb hash table entries: 65536 (order: 6, 262144 bytes, linear)
[    0.602273] TCP established hash table entries: 32768 (order: 6, 262144 bytes, linear)
[    0.604461] TCP bind hash table entries: 32768 (order: 8, 1048576 bytes, linear)
[    0.607090] TCP: Hash tables configured (established 32768 bind 32768)
[    0.609047] UDP hash table entries: 2048 (order: 4, 65536 bytes, linear)
[    0.610896] UDP-Lite hash table entries: 2048 (order: 4, 65536 bytes, linear)
[    0.612977] NET: Registered PF_UNIX/PF_LOCAL protocol family
[    0.614868] RPC: Registered named UNIX socket transport module.
[    0.616531] RPC: Registered udp transport module.
[    0.617797] RPC: Registered tcp transport module.
[    0.619193] RPC: Registered tcp NFSv4.1 backchannel transport module.
[    0.621273] pci_bus 0000:00: resource 4 [io  0x0000-0x0cf7 window]
[    0.622937] pci_bus 0000:00: resource 5 [io  0x0d00-0xffff window]
[    0.624648] pci_bus 0000:00: resource 6 [mem 0x000a0000-0x000bffff window]
[    0.626539] pci_bus 0000:00: resource 7 [mem 0xc0000000-0xfebfffff window]
[    0.628427] pci_bus 0000:00: resource 8 [mem 0x140000000-0x1bfffffff window]
[    0.630485] pci 0000:00:01.0: PIIX3: Enabling Passive Release
[    0.632234] pci 0000:00:00.0: Limiting direct PCI/PCI transfers
[    0.634008] PCI: CLS 0 bytes, default 64
[    0.635128] PCI-DMA: Using software bounce buffering for IO (SWIOTLB)
[    0.636866] software IO TLB: mapped [mem 0x00000000badad000-0x00000000bedad000] (64MB)
[    0.639186] Unpacking initramfs...
[    0.901723] RAPL PMU: API unit is 2^-32 Joules, 0 fixed counters, 10737418240 ms ovfl timer
[    0.905237] Initialise system trusted keyrings
[    0.906529] workingset: timestamp_bits=56 max_order=20 bucket_order=0
[    0.908925] NFS: Registering the id_resolver key type
[    0.910371] Key type id_resolver registered
[    0.911509] Key type id_legacy registered
[    0.921788] Key type asymmetric registered
[    0.922937] Asymmetric key parser 'x509' registered
[    0.924350] Block layer SCSI generic (bsg) driver version 0.4 loaded (major 251)
[    0.926375] io scheduler mq-deadline registered
[    0.927600] io scheduler kyber registered
[    0.928844] input: Power Button as /devices/LNXSYSTM:00/LNXPWRBN:00/input/input0
[    0.930910] ACPI: button: Power Button [PWRF]
[    0.932439] Serial: 8250/16550 driver, 4 ports, IRQ sharing enabled
[    0.934352] 00:03: ttyS0 at I/O 0x3f8 (irq = 4, base_baud = 115200) is a 16550A
[    0.936829] Non-volatile memory driver v1.3
[    0.937986] Linux agpgart interface v0.103
[    0.939212] ACPI: bus type drm_connector registered
[    0.941319] loop: module loaded
[    0.944009] scsi host0: ata_piix
[    0.945006] scsi host1: ata_piix
[    0.945933] ata1: PATA max MWDMA2 cmd 0x1f0 ctl 0x3f6 bmdma 0xc040 irq 14
[    0.947809] ata2: PATA max MWDMA2 cmd 0x170 ctl 0x376 bmdma 0xc048 irq 15
[    0.950901] e100: Intel(R) PRO/100 Network Driver
[    0.952288] e100: Copyright(c) 1999-2006 Intel Corporation
[    0.953882] e1000: Intel(R) PRO/1000 Network Driver
[    0.955328] e1000: Copyright (c) 1999-2006 Intel Corporation.
[    0.957406] ACPI: \_SB_.LNKB: Enabled at IRQ 10
[    2.023367] tsc: Refined TSC clocksource calibration: 2600.083 MHz
[    2.025079] clocksource: tsc: mask: 0xffffffffffffffff max_cycles: 0x257a8ab9a10, max_idle_ns: 440795283723 ns
[    2.032632] clocksource: Switched to clocksource tsc
[    2.603104] e1000 0000:00:02.0 eth0: (PCI:33MHz:32-bit) 52:54:00:12:34:56
[    2.605030] e1000 0000:00:02.0 eth0: Intel(R) PRO/1000 Network Connection
[    2.606912] e1000e: Intel(R) PRO/1000 Network Driver
[    2.608328] e1000e: Copyright(c) 1999 - 2015 Intel Corporation.
[    2.609934] igb: Intel(R) Gigabit Ethernet Network Driver
[    2.611493] igb: Copyright (c) 2007-2014 Intel Corporation.
[    2.613013] ixgbe: Intel(R) 10 Gigabit PCI Express Network Driver
[    2.614729] ixgbe: Copyright (c) 1999-2016 Intel Corporation.
[    2.616435] ixgbevf: Intel(R) 10 Gigabit PCI Express Virtual Function Network Driver
[    2.618575] ixgbevf: Copyright (c) 2009 - 2018 Intel Corporation.
[    2.620270] i40e: Intel(R) Ethernet Connection XL710 Network Driver
[    2.621928] i40e: Copyright (c) 2013 - 2019 Intel Corporation.
[    2.623603] ixgb: Intel(R) PRO/10GbE Network Driver
[    2.624953] ixgb: Copyright (c) 1999-2008 Intel Corporation.
[    2.626526] sky2: driver version 1.30
[    2.627651] QLogic 1/10 GbE Converged/Intelligent Ethernet Driver v5.3.66
[    2.629554] QLogic/NetXen Network Driver v4.0.82
[    2.630818] QLogic FastLinQ 4xxxx Core Module qed
[    2.632106] qede init: QLogic FastLinQ 4xxxx Ethernet Driver qede
[    2.633820] Solarflare NET driver
[    2.634779] Solarflare Falcon driver v4.1
[    2.635977] Solarflare Siena driver
[    2.637094] usbcore: registered new interface driver usblp
[    2.638633] usbcore: registered new interface driver usb-storage
[    2.640371] i8042: PNP: PS/2 Controller [PNP0303:KBD,PNP0f13:MOU] at 0x60,0x64 irq 1,12
[    2.643827] serio: i8042 KBD port at 0x60,0x64 irq 1
[    2.645263] serio: i8042 AUX port at 0x60,0x64 irq 12
[    2.646734] rtc_cmos 00:04: RTC can wake from S4
[    2.649398] input: AT Translated Set 2 keyboard as /devices/platform/i8042/serio0/input/input1
[    2.654977] rtc_cmos 00:04: registered as rtc0
[    2.656359] rtc_cmos 00:04: alarms up to one day, y3k, 242 bytes nvram, hpet irqs
[    2.658502] device-mapper: ioctl: 4.47.0-ioctl (2022-07-28) initialised: dm-devel@redhat.com
[    2.660772] intel_pstate: CPU model not supported
[    2.662315] hid: raw HID events driver (C) Jiri Kosina
[    2.663793] usbcore: registered new interface driver usbhid
[    2.665456] usbhid: USB HID core driver
[    2.667329] Initializing XFRM netlink socket
[    2.668525] NET: Registered PF_INET6 protocol family
[    2.670146] Segment Routing with IPv6
[    2.671203] In-situ OAM (IOAM) with IPv6
[    2.672376] sit: IPv6, IPv4 and MPLS over IPv4 tunneling driver
[    2.674170] NET: Registered PF_PACKET protocol family
[    2.675566] Key type dns_resolver registered
[    2.676882] IPI shorthand broadcast: enabled
[    2.679637] sched_clock: Marking stable (2338003775, 341622471)->(2788237796, -108611550)
[    2.681968] registered taskstats version 1
[    2.683141] Loading compiled-in X.509 certificates
[    2.685274] PM:   Magic number: 10:371:540
[    2.686424]  node: hash matches
[    2.687322] printk: console [netcon0] enabled
[    2.688561] netconsole: network logging started
[    3.038333] Freeing initrd memory: 18636K
[    3.443053] input: ImExPS/2 Generic Explorer Mouse as /devices/platform/i8042/serio1/input/input3
[    3.462107] e1000: eth0 NIC Link is Up 1000 Mbps Full Duplex, Flow Control: RX
[    3.470235] IPv6: ADDRCONF(NETDEV_CHANGE): eth0: link becomes ready
[    3.481677] IP-Config: Complete:
[    3.484334]      device=eth0, hwaddr=52:54:00:12:34:56, ipaddr=10.0.2.15, mask=255.255.255.0, gw=10.0.2.2
[    3.491770]      host=10.0.2.15, domain=, nis-domain=(none)
[    3.496242]      bootserver=255.255.255.255, rootserver=255.255.255.255, rootpath=
[    3.496379] cfg80211: Loading compiled-in X.509 certificates for regulatory database
[    3.509055] cryptomgr_probe (54) used greatest stack depth: 15544 bytes left
[    3.515155] Loaded X.509 cert 'sforshee: 00b28ddf47aef9cea7'
[    3.519391] ALSA device list:
[    3.521641]   No soundcards found.
[    3.524160] platform regulatory.0: Direct firmware load for regulatory.db failed with error -2
[    3.529971] cfg80211: failed to load regulatory.db
[    3.535859] Freeing unused kernel image (initmem) memory: 1328K
[    3.538676] Write protecting the kernel read-only data: 30720k
[    3.542241] Freeing unused kernel image (text/rodata gap) memory: 1848K
[    3.544923] Freeing unused kernel image (rodata/data gap) memory: 204K
[    3.547616] Run /init as init process
+ export HOME=/root
+ HOME=/root
+ export LOGNAME=root
+ LOGNAME=root
+ export TERM=vt100
+ TERM=vt100
+ export PATH=/bin:/sbin:/usr/bin:/usr/sbin:/usr/local/bin
+ PATH=/bin:/sbin:/usr/bin:/usr/sbin:/usr/local/bin
+ export 'ENV=HOME=/root LOGNAME=root TERM=vt100 PATH=/bin:/sbin:/usr/bin:/usr/sbin:/usr/local/bin'
+ ENV='HOME=/root LOGNAME=root TERM=vt100 PATH=/bin:/sbin:/usr/bin:/usr/sbin:/usr/local/bin'
+ mount -t proc /proc /proc
[    3.572415] mount (55) used greatest stack depth: 13536 bytes left
+ mount -t sysfs /sys /sys
+ mount -t devtmpfs -o mode=0755 udev /dev
+ [[ -e /dev/pts ]]
+ mkdir /dev/pts
+ mount -t devpts devpts /dev/pts
+ ln -sf /proc/mounts /etc/mtab
+ echo CMDLINE
+ cat /proc/cmdline
+ echo 'Running Setup scripts'
+ ./exp/disable_ht.sh
+ ./exp/turbo-boost.sh disable
./exp/turbo-boost.sh: line 11: /sys/devices/system/cpu/intel_pstate/no_turbo: No such file or directory
+ echo Done
+ '[' -n '' ']'
+ /usr/sbin/ip address
1: lo: <LOOPBACK,UP,LOWER_UP> mtu 65536 qdisc noqueue state UNKNOWN group default qlen 1000
    link/loopback 00:00:00:00:00:00 brd 00:00:00:00:00:00
    inet 127.0.0.1/8 scope host lo
       valid_lft forever preferred_lft forever
    inet6 ::1/128 scope host 
       valid_lft forever preferred_lft forever
2: eth0: <BROADCAST,MULTICAST,UP,LOWER_UP> mtu 1500 qdisc pfifo_fast state UP group default qlen 1000
    link/ether 52:54:00:12:34:56 brd ff:ff:ff:ff:ff:ff
    inet 10.0.2.15/24 brd 10.0.2.255 scope global eth0
       valid_lft forever preferred_lft forever
    inet6 fe80::5054:ff:fe12:3456/64 scope link tentative 
       valid_lft forever preferred_lft forever
3: sit0@NONE: <NOARP> mtu 1480 qdisc noop state DOWN group default qlen 1000
    link/sit 0.0.0.0 brd 0.0.0.0
+ /usr/sbin/dropbear -E -R -p 22
+ echo -1
+ sleep 5
[70] May 16 16:30:46 Running in background
+ echo 'UKL BOOTED'
UKL BOOTED
+ '[' -n '' ']'
+ /UKL
PROBE_OK
STACK_EXEC_BEGIN
[    8.643424] kernel tried to execute NX-protected page - exploit attempt? (uid: 0)
[    8.647452] BUG: unable to handle page fault for address: 00007fffdf685f47
[    8.651091] #PF: supervisor instruction fetch in user mode
[    8.654007] #PF: error_code(0x0011) - permissions violation
[    8.657037] IDT: 0xfffffe0000000000 (limit=0xfff) GDT: 0xfffffe0000001000 (limit=0x7f)
[    8.661370] LDTR: NULL
[    8.662702] TR: 0x40 -- base=0xfffffe0000003000 limit=0x4087
[    8.665803] PGD 1059f3067 P4D 1059f3067 PUD 1016e5067 PMD 1059e5067 PTE 800000010736c067
[    8.670134] Oops: 0011 [#1] PREEMPT SMP
[    8.672271] CPU: 0 PID: 72 Comm: UKL Tainted: G S                 6.3.0 #2
[    8.675869] Hardware name: QEMU Ubuntu 25.10 PC v2 (i440FX + PIIX, + 10.1 machine, 1996), BIOS 1.16.3-debian-1.16.3-2 04/01/2014
[    8.681986] RIP: 00c3:0x7fffdf685f47
[    8.684022] Code: 00 00 00 38 5f 68 df ff 7f 00 00 18 00 00 00 00 00 00 00 50 5f 68 df ff 7f 00 00 f1 95 04 82 ff ff ff ff 30 78 0c 82 ff ff ff <c3> 00 16 05 1e 4f 37 fe 39 00 00 00 00 00 00 00 00 b4 71 0c 82 ff
[    8.693869] RSP: 0018:00007fffdf685f38 EFLAGS: 00010206
[    8.696684] RAX: 00007fffdf685f47 RBX: ffffffff82e0a588 RCX: ffffffff83acf250
[    8.700496] RDX: 0000000000000000 RSI: 0000000000000000 RDI: ffffffff83acf250
[    8.704299] RBP: 00007fffdf685f50 R08: 0000000000000000 R09: 0000000000000001
[    8.707813] R10: 00000000000000c2 R11: 0000000000000000 R12: ffffffff820c7830
[    8.711428] R13: ffffffff820c78e0 R14: ffffffff82e00018 R15: 0000000000000000
[    8.714887] FS:  0000000002600000 GS:  0000000000000000
[    8.717433] CR2: 00007fffdf685f47
[    8.718991] ---[ end trace 0000000000000000 ]---
[    8.721206] RIP: 00c3:0x7fffdf685f47
[    8.722845] RSP: 0018:00007fffdf685f38 EFLAGS: 00010206
[    8.725248] RAX: 00007fffdf685f47 RBX: ffffffff82e0a588 RCX: ffffffff83acf250
[    8.728297] RDX: 0000000000000000 RSI: 0000000000000000 RDI: ffffffff83acf250
[    8.731354] RBP: 00007fffdf685f50 R08: 0000000000000000 R09: 0000000000000001
[    8.734436] R10: 00000000000000c2 R11: 0000000000000000 R12: ffffffff820c7830
[    8.737347] R13: ffffffff820c78e0 R14: ffffffff82e00018 R15: 0000000000000000
[    8.740218] FS:  0000000002600000(0000) GS:ffff88813bc00000(0000) knlGS:0000000000000000
[    8.743424] CS:  00c3 DS: 0000 ES: 0000 CR0: 0000000080050033
[    8.745624] CR2: 00007fffdf685f47 CR3: 00000001016e1001 CR4: 0000000000070ef0
[    8.748376] note: UKL[72] exited with irqs disabled
/init: line 93:    72 Killed                  /UKL
[    8.752584] Kernel panic - not syncing: Attempted to kill init! exitcode=0x00008900
[    8.755527] Kernel Offset: disabled
[    8.756796] ---[ end Kernel panic - not syncing: Attempted to kill init! exitcode=0x00008900 ]---
qemu-system-x86_64: terminating on signal 15 from pid 3614229 ()
