c[?7l[2J[0mSeaBIOS (version 1.16.3-debian-1.16.3-2)


iPXE (https://ipxe.org) 00:02.0 C000 PCI2.10 PnP PMM+BEFC7C80+BEF07C80 C000
Press Ctrl-B to configure iPXE (PCI 00:02.0)...                                                                               


Booting from ROM..c[?7l[2J[    0.000000] Linux version 6.3.0 (unikernels@measure) (gcc-14 (Ubuntu 14.3.0-8ubuntu1) 14.3.0, GNU ld (GNU Binutils for Ubuntu) 2.45) #3 SMP PREEMPT_DYNAMIC Sat May 16 16:38:53 UTC 2026
[    0.000000] Command line: console=ttyS0 net.ifnames=0 biosdevname=0 clearcpuid=smap,smep mitigations=off mds=off ip=10.0.2.15::10.0.2.2:255.255.255.0::eth0:on
[    0.000000] Clearing CPUID bits: smap smep
[    0.000000] x86/fpu: Supporting XSAVE feature 0x001: 'x87 floating point registers'
[    0.000000] x86/fpu: Supporting XSAVE feature 0x002: 'SSE registers'
[    0.000000] x86/fpu: Supporting XSAVE feature 0x004: 'AVX registers'
[    0.000000] x86/fpu: xstate_offset[2]:  576, xstate_sizes[2]:  256
[    0.000000] x86/fpu: Enabled xstate features 0x7, context size is 832 bytes, using 'standard' format.
[    0.000000] signal: max sigframe size: 1776
[    0.000000] BIOS-provided physical RAM map:
[    0.000000] BIOS-e820: [mem 0x0000000000000000-0x000000000009fbff] usable
[    0.000000] BIOS-e820: [mem 0x000000000009fc00-0x000000000009ffff] reserved
[    0.000000] BIOS-e820: [mem 0x00000000000f0000-0x00000000000fffff] reserved
[    0.000000] BIOS-e820: [mem 0x0000000000100000-0x00000000bffdffff] usable
[    0.000000] BIOS-e820: [mem 0x00000000bffe0000-0x00000000bfffffff] reserved
[    0.000000] BIOS-e820: [mem 0x00000000feffc000-0x00000000feffffff] reserved
[    0.000000] BIOS-e820: [mem 0x00000000fffc0000-0x00000000ffffffff] reserved
[    0.000000] BIOS-e820: [mem 0x0000000100000000-0x000000013fffffff] usable
[    0.000000] NX (Execute Disable) protection: active
[    0.000000] SMBIOS 2.8 present.
[    0.000000] DMI: QEMU Ubuntu 25.10 PC v2 (i440FX + PIIX, + 10.1 machine, 1996), BIOS 1.16.3-debian-1.16.3-2 04/01/2014
[    0.000000] tsc: Fast TSC calibration using PIT
[    0.000000] tsc: Detected 2600.049 MHz processor
[    0.000416] last_pfn = 0x140000 max_arch_pfn = 0x400000000
[    0.000470] x86/PAT: Configuration [0-7]: WB  WC  UC- UC  WB  WP  UC- WT  
[    0.000525] last_pfn = 0xbffe0 max_arch_pfn = 0x400000000
[    0.001000] found SMP MP-table at [mem 0x000f5480-0x000f548f]
[    0.001000] Using GB pages for direct mapping
[    0.001000] RAMDISK: [mem 0xbedad000-0xbffdffff]
[    0.001000] ACPI: Early table checksum verification disabled
[    0.001000] ACPI: RSDP 0x00000000000F5260 000014 (v00 BOCHS )
[    0.001000] ACPI: RSDT 0x00000000BFFE230C 000034 (v01 BOCHS  BXPC     00000001 BXPC 00000001)
[    0.001000] ACPI: FACP 0x00000000BFFE21C0 000074 (v01 BOCHS  BXPC     00000001 BXPC 00000001)
[    0.001000] ACPI: DSDT 0x00000000BFFE0040 002180 (v01 BOCHS  BXPC     00000001 BXPC 00000001)
[    0.001000] ACPI: FACS 0x00000000BFFE0000 000040
[    0.001000] ACPI: APIC 0x00000000BFFE2234 000078 (v03 BOCHS  BXPC     00000001 BXPC 00000001)
[    0.001000] ACPI: HPET 0x00000000BFFE22AC 000038 (v01 BOCHS  BXPC     00000001 BXPC 00000001)
[    0.001000] ACPI: WAET 0x00000000BFFE22E4 000028 (v01 BOCHS  BXPC     00000001 BXPC 00000001)
[    0.001000] ACPI: Reserving FACP table memory at [mem 0xbffe21c0-0xbffe2233]
[    0.001000] ACPI: Reserving DSDT table memory at [mem 0xbffe0040-0xbffe21bf]
[    0.001000] ACPI: Reserving FACS table memory at [mem 0xbffe0000-0xbffe003f]
[    0.001000] ACPI: Reserving APIC table memory at [mem 0xbffe2234-0xbffe22ab]
[    0.001000] ACPI: Reserving HPET table memory at [mem 0xbffe22ac-0xbffe22e3]
[    0.001000] ACPI: Reserving WAET table memory at [mem 0xbffe22e4-0xbffe230b]
[    0.001000] No NUMA configuration found
[    0.001000] Faking a node at [mem 0x0000000000000000-0x000000013fffffff]
[    0.001000] NODE_DATA(0) allocated [mem 0x13fffa000-0x13fffdfff]
[    0.001000] Zone ranges:
[    0.001000]   DMA      [mem 0x0000000000001000-0x0000000000ffffff]
[    0.001000]   DMA32    [mem 0x0000000001000000-0x00000000ffffffff]
[    0.001000]   Normal   [mem 0x0000000100000000-0x000000013fffffff]
[    0.001000] Movable zone start for each node
[    0.001000] Early memory node ranges
[    0.001000]   node   0: [mem 0x0000000000001000-0x000000000009efff]
[    0.001000]   node   0: [mem 0x0000000000100000-0x00000000bffdffff]
[    0.001000]   node   0: [mem 0x0000000100000000-0x000000013fffffff]
[    0.001000] Initmem setup node 0 [mem 0x0000000000001000-0x000000013fffffff]
[    0.001000] On node 0, zone DMA: 1 pages in unavailable ranges
[    0.001000] On node 0, zone DMA: 97 pages in unavailable ranges
[    0.001000] On node 0, zone Normal: 32 pages in unavailable ranges
[    0.001000] ACPI: PM-Timer IO Port: 0x608
[    0.001000] ACPI: LAPIC_NMI (acpi_id[0xff] dfl dfl lint[0x1])
[    0.001000] IOAPIC[0]: apic_id 0, version 17, address 0xfec00000, GSI 0-23
[    0.001000] ACPI: INT_SRC_OVR (bus 0 bus_irq 0 global_irq 2 dfl dfl)
[    0.001000] ACPI: INT_SRC_OVR (bus 0 bus_irq 5 global_irq 5 high level)
[    0.001000] ACPI: INT_SRC_OVR (bus 0 bus_irq 9 global_irq 9 high level)
[    0.001000] ACPI: INT_SRC_OVR (bus 0 bus_irq 10 global_irq 10 high level)
[    0.001000] ACPI: INT_SRC_OVR (bus 0 bus_irq 11 global_irq 11 high level)
[    0.001000] ACPI: Using ACPI (MADT) for SMP configuration information
[    0.001000] ACPI: HPET id: 0x8086a201 base: 0xfed00000
[    0.001000] TSC deadline timer available
[    0.001000] smpboot: Allowing 1 CPUs, 0 hotplug CPUs
[    0.001000] PM: hibernation: Registered nosave memory: [mem 0x00000000-0x00000fff]
[    0.001000] PM: hibernation: Registered nosave memory: [mem 0x0009f000-0x0009ffff]
[    0.001000] PM: hibernation: Registered nosave memory: [mem 0x000a0000-0x000effff]
[    0.001000] PM: hibernation: Registered nosave memory: [mem 0x000f0000-0x000fffff]
[    0.001000] PM: hibernation: Registered nosave memory: [mem 0xbffe0000-0xbfffffff]
[    0.001000] PM: hibernation: Registered nosave memory: [mem 0xc0000000-0xfeffbfff]
[    0.001000] PM: hibernation: Registered nosave memory: [mem 0xfeffc000-0xfeffffff]
[    0.001000] PM: hibernation: Registered nosave memory: [mem 0xff000000-0xfffbffff]
[    0.001000] PM: hibernation: Registered nosave memory: [mem 0xfffc0000-0xffffffff]
[    0.001000] [mem 0xc0000000-0xfeffbfff] available for PCI devices
[    0.001000] clocksource: refined-jiffies: mask: 0xffffffff max_cycles: 0xffffffff, max_idle_ns: 1910969940391419 ns
[    0.001000] setup_percpu: NR_CPUS:64 nr_cpumask_bits:1 nr_cpu_ids:1 nr_node_ids:1
[    0.001000] percpu: Embedded 53 pages/cpu s185512 r0 d31576 u2097152
[    0.001000] Fallback order for Node 0: 0 
[    0.001000] Built 1 zonelists, mobility grouping on.  Total pages: 1031904
[    0.001000] Policy zone: Normal
[    0.001000] Kernel command line: console=ttyS0 net.ifnames=0 biosdevname=0 clearcpuid=smap,smep mitigations=off mds=off ip=10.0.2.15::10.0.2.2:255.255.255.0::eth0:on
[    0.001000] Unknown kernel command line parameters "biosdevname=0", will be passed to user space.
[    0.001000] random: crng init done
[    0.001000] Dentry cache hash table entries: 524288 (order: 10, 4194304 bytes, linear)
[    0.001000] Inode-cache hash table entries: 262144 (order: 9, 2097152 bytes, linear)
[    0.001000] mem auto-init: stack:off, heap alloc:off, heap free:off
[    0.001000] software IO TLB: area num 1.
[    0.001000] Memory: 3990900K/4193784K available (22725K kernel code, 2848K rwdata, 5944K rodata, 1328K init, 2708K bss, 202628K reserved, 0K cma-reserved)
[    0.001000] SLUB: HWalign=64, Order=0-3, MinObjects=0, CPUs=1, Nodes=1
[    0.001000] Dynamic Preempt: none
[    0.001000] rcu: Preemptible hierarchical RCU implementation.
[    0.001000] rcu: 	RCU event tracing is enabled.
[    0.001000] rcu: 	RCU restricting CPUs from NR_CPUS=64 to nr_cpu_ids=1.
[    0.001000] 	Trampoline variant of Tasks RCU enabled.
[    0.001000] 	Tracing variant of Tasks RCU enabled.
[    0.001000] rcu: RCU calculated value of scheduler-enlistment delay is 100 jiffies.
[    0.001000] rcu: Adjusting geometry for rcu_fanout_leaf=16, nr_cpu_ids=1
[    0.001000] NR_IRQS: 4352, nr_irqs: 256, preallocated irqs: 16
[    0.001000] rcu: srcu_init: Setting srcu_struct sizes based on contention.
[    0.001000] Console: colour *CGA 80x25
[    0.001000] printk: console [ttyS0] enabled
[    0.001000] ACPI: Core revision 20221020
[    0.001000] clocksource: hpet: mask: 0xffffffff max_cycles: 0xffffffff, max_idle_ns: 19112604467 ns
[    0.001000] APIC: Switch to symmetric I/O mode setup
[    0.001000] ..TIMER: vector=0x30 apic1=0 pin1=2 apic2=-1 pin2=-1
[    0.001000] clocksource: tsc-early: mask: 0xffffffffffffffff max_cycles: 0x257a6a7d690, max_idle_ns: 440795332126 ns
[    0.350707] Calibrating delay loop (skipped), value calculated using timer frequency.. 5200.09 BogoMIPS (lpj=2600049)
[    0.351706] pid_max: default: 32768 minimum: 301
[    0.352723] LSM: initializing lsm=capability,integrity,selinux
[    0.353712] SELinux:  Initializing.
[    0.354736] Mount-cache hash table entries: 8192 (order: 4, 65536 bytes, linear)
[    0.355710] Mountpoint-cache hash table entries: 8192 (order: 4, 65536 bytes, linear)
[    0.356995] Clearing SMEP for 0
[    0.357707] Clearing SMAP for 0
[    0.358711] x86/cpu: User Mode Instruction Prevention (UMIP) activated
[    0.359798] Last level iTLB entries: 4KB 0, 2MB 0, 4MB 0
[    0.360705] Last level dTLB entries: 4KB 0, 2MB 0, 4MB 0, 1GB 0
[    0.361713] Spectre V2 : User space: Vulnerable
[    0.362706] Speculative Store Bypass: Vulnerable
[    0.369455] Freeing SMP alternatives memory: 52K
[    0.369955] smpboot: CPU0: Intel(R) Xeon(R) CPU E5-2650 v2 @ 2.60GHz (family: 0x6, model: 0x3e, stepping: 0x4)
[    0.370813] cblist_init_generic: Setting adjustable number of callback queues.
[    0.371707] cblist_init_generic: Setting shift to 0 and lim to 1.
[    0.372729] cblist_init_generic: Setting shift to 0 and lim to 1.
[    0.373729] Performance Events: IvyBridge events, full-width counters, Intel PMU driver.
[    0.374712] ... version:                2
[    0.375708] ... bit width:              48
[    0.376708] ... generic registers:      8
[    0.377708] ... value mask:             0000ffffffffffff
[    0.378708] ... max period:             00007fffffffffff
[    0.379708] ... fixed-purpose events:   3
[    0.380708] ... event mask:             00000007000000ff
[    0.381866] rcu: Hierarchical SRCU implementation.
[    0.382708] rcu: 	Max phase no-delay instances is 400.
[    0.384281] smp: Bringing up secondary CPUs ...
[    0.384711] smp: Brought up 1 node, 1 CPU
[    0.385710] smpboot: Max logical packages: 1
[    0.386708] smpboot: Total of 1 processors activated (5200.09 BogoMIPS)
[    0.387971] devtmpfs: initialized
[    0.388916] clocksource: jiffies: mask: 0xffffffff max_cycles: 0xffffffff, max_idle_ns: 1911260446275000 ns
[    0.389710] futex hash table entries: 256 (order: 2, 16384 bytes, linear)
[    0.390894] PM: RTC time: 16:39:21, date: 2026-05-16
[    0.391786] NET: Registered PF_NETLINK/PF_ROUTE protocol family
[    0.392783] audit: initializing netlink subsys (disabled)
[    0.393801] thermal_sys: Registered thermal governor 'step_wise'
[    0.393803] thermal_sys: Registered thermal governor 'user_space'
[    0.394736] audit: type=2000 audit(1778949561.051:1): state=initialized audit_enabled=0 res=1
[    0.396723] cpuidle: using governor menu
[    0.397947] PCI: Using configuration type 1 for base access
[    0.398736] core: PMU erratum BJ122, BV98, HSD29 workaround disabled, HT off
[    0.490458] HugeTLB: registered 2.00 MiB page size, pre-allocated 0 pages
[    0.490708] HugeTLB: 28 KiB vmemmap can be freed for a 2.00 MiB page
[    0.491832] ACPI: Added _OSI(Module Device)
[    0.492708] ACPI: Added _OSI(Processor Device)
[    0.493708] ACPI: Added _OSI(3.0 _SCP Extensions)
[    0.494708] ACPI: Added _OSI(Processor Aggregator Device)
[    0.496298] ACPI: 1 ACPI AML tables successfully acquired and loaded
[    0.497830] ACPI: Interpreter enabled
[    0.498723] ACPI: PM: (supports S0 S3 S4 S5)
[    0.499708] ACPI: Using IOAPIC for interrupt routing
[    0.500724] PCI: Using host bridge windows from ACPI; if necessary, use "pci=nocrs" and report a bug
[    0.501708] PCI: Using E820 reservations for host bridge windows
[    0.502812] ACPI: Enabled 2 GPEs in block 00 to 0F
[    0.505795] ACPI: PCI Root Bridge [PCI0] (domain 0000 [bus 00-ff])
[    0.506714] acpi PNP0A03:00: _OSC: OS supports [ASPM ClockPM Segments MSI HPX-Type3]
[    0.507711] acpi PNP0A03:00: _OSC: not requesting OS control; OS requires [ExtendedConfig ASPM ClockPM MSI]
[    0.508736] acpi PNP0A03:00: fail to add MMCONFIG information, can't access extended configuration space under this bridge
[    0.509795] PCI host bridge to bus 0000:00
[    0.510709] pci_bus 0000:00: root bus resource [io  0x0000-0x0cf7 window]
[    0.511709] pci_bus 0000:00: root bus resource [io  0x0d00-0xffff window]
[    0.512709] pci_bus 0000:00: root bus resource [mem 0x000a0000-0x000bffff window]
[    0.513709] pci_bus 0000:00: root bus resource [mem 0xc0000000-0xfebfffff window]
[    0.514709] pci_bus 0000:00: root bus resource [mem 0x140000000-0x1bfffffff window]
[    0.515710] pci_bus 0000:00: root bus resource [bus 00-ff]
[    0.516814] pci 0000:00:00.0: [8086:1237] type 00 class 0x060000
[    0.518896] pci 0000:00:01.0: [8086:7000] type 00 class 0x060100
[    0.521406] pci 0000:00:01.1: [8086:7010] type 00 class 0x010180
[    0.524635] pci 0000:00:01.1: reg 0x20: [io  0xc040-0xc04f]
[    0.526071] pci 0000:00:01.1: legacy IDE quirk: reg 0x10: [io  0x01f0-0x01f7]
[    0.526709] pci 0000:00:01.1: legacy IDE quirk: reg 0x14: [io  0x03f6]
[    0.527709] pci 0000:00:01.1: legacy IDE quirk: reg 0x18: [io  0x0170-0x0177]
[    0.528709] pci 0000:00:01.1: legacy IDE quirk: reg 0x1c: [io  0x0376]
[    0.530073] pci 0000:00:01.3: [8086:7113] type 00 class 0x068000
[    0.532067] pci 0000:00:01.3: quirk: [io  0x0600-0x063f] claimed by PIIX4 ACPI
[    0.532733] pci 0000:00:01.3: quirk: [io  0x0700-0x070f] claimed by PIIX4 SMB
[    0.534252] pci 0000:00:02.0: [8086:100e] type 00 class 0x020000
[    0.535708] pci 0000:00:02.0: reg 0x10: [mem 0xfeb80000-0xfeb9ffff]
[    0.537708] pci 0000:00:02.0: reg 0x14: [io  0xc000-0xc03f]
[    0.544230] pci 0000:00:02.0: reg 0x30: [mem 0xfeb00000-0xfeb7ffff pref]
[    0.546361] ACPI: PCI: Interrupt link LNKA configured for IRQ 10
[    0.546894] ACPI: PCI: Interrupt link LNKB configured for IRQ 10
[    0.547898] ACPI: PCI: Interrupt link LNKC configured for IRQ 11
[    0.548945] ACPI: PCI: Interrupt link LNKD configured for IRQ 11
[    0.549809] ACPI: PCI: Interrupt link LNKS configured for IRQ 9
[    0.550947] iommu: Default domain type: Translated 
[    0.551722] iommu: DMA domain TLB invalidation policy: lazy mode 
[    0.552786] SCSI subsystem initialized
[    0.553768] ACPI: bus type USB registered
[    0.554722] usbcore: registered new interface driver usbfs
[    0.555719] usbcore: registered new interface driver hub
[    0.556720] usbcore: registered new device driver usb
[    0.557727] pps_core: LinuxPPS API ver. 1 registered
[    0.558708] pps_core: Software ver. 5.3.6 - Copyright 2005-2007 Rodolfo Giometti <giometti@linux.it>
[    0.559714] PTP clock support registered
[    0.560751] EDAC MC: Ver: 3.0.0
[    0.562001] Advanced Linux Sound Architecture Driver Initialized.
[    0.562923] NetLabel: Initializing
[    0.563708] NetLabel:  domain hash size = 128
[    0.564708] NetLabel:  protocols = UNLABELED CIPSOv4 CALIPSO
[    0.565728] NetLabel:  unlabeled traffic allowed by default
[    0.566752] PCI: Using ACPI for IRQ routing
[    0.568607] vgaarb: loaded
[    0.568873] hpet0: at MMIO 0xfed00000, IRQs 2, 8, 0
[    0.569708] hpet0: 3 comparators, 64-bit 100.000000 MHz counter
[    0.573812] clocksource: Switched to clocksource tsc-early
[    0.575870] VFS: Disk quotas dquot_6.6.0
[    0.577326] VFS: Dquot-cache hash table entries: 512 (order 0, 4096 bytes)
[    0.579986] pnp: PnP ACPI init
[    0.581738] pnp: PnP ACPI: found 5 devices
[    0.597623] clocksource: acpi_pm: mask: 0xffffff max_cycles: 0xffffff, max_idle_ns: 2085701024 ns
[    0.600943] NET: Registered PF_INET protocol family
[    0.602852] IP idents hash table entries: 65536 (order: 7, 524288 bytes, linear)
[    0.606777] tcp_listen_portaddr_hash hash table entries: 2048 (order: 3, 32768 bytes, linear)
[    0.609893] Table-perturb hash table entries: 65536 (order: 6, 262144 bytes, linear)
[    0.612716] TCP established hash table entries: 32768 (order: 6, 262144 bytes, linear)
[    0.615586] TCP bind hash table entries: 32768 (order: 8, 1048576 bytes, linear)
[    0.618902] TCP: Hash tables configured (established 32768 bind 32768)
[    0.621313] UDP hash table entries: 2048 (order: 4, 65536 bytes, linear)
[    0.623805] UDP-Lite hash table entries: 2048 (order: 4, 65536 bytes, linear)
[    0.626439] NET: Registered PF_UNIX/PF_LOCAL protocol family
[    0.628771] RPC: Registered named UNIX socket transport module.
[    0.630927] RPC: Registered udp transport module.
[    0.632664] RPC: Registered tcp transport module.
[    0.634334] RPC: Registered tcp NFSv4.1 backchannel transport module.
[    0.637017] pci_bus 0000:00: resource 4 [io  0x0000-0x0cf7 window]
[    0.639289] pci_bus 0000:00: resource 5 [io  0x0d00-0xffff window]
[    0.641586] pci_bus 0000:00: resource 6 [mem 0x000a0000-0x000bffff window]
[    0.644034] pci_bus 0000:00: resource 7 [mem 0xc0000000-0xfebfffff window]
[    0.646588] pci_bus 0000:00: resource 8 [mem 0x140000000-0x1bfffffff window]
[    0.649193] pci 0000:00:01.0: PIIX3: Enabling Passive Release
[    0.651338] pci 0000:00:00.0: Limiting direct PCI/PCI transfers
[    0.653682] PCI: CLS 0 bytes, default 64
[    0.655137] PCI-DMA: Using software bounce buffering for IO (SWIOTLB)
[    0.657444] software IO TLB: mapped [mem 0x00000000badad000-0x00000000bedad000] (64MB)
[    0.660478] Unpacking initramfs...
[    1.001159] RAPL PMU: API unit is 2^-32 Joules, 0 fixed counters, 10737418240 ms ovfl timer
[    1.005512] Initialise system trusted keyrings
[    1.007200] workingset: timestamp_bits=56 max_order=20 bucket_order=0
[    1.010292] NFS: Registering the id_resolver key type
[    1.012194] Key type id_resolver registered
[    1.013744] Key type id_legacy registered
[    1.026242] Key type asymmetric registered
[    1.027401] Asymmetric key parser 'x509' registered
[    1.028827] Block layer SCSI generic (bsg) driver version 0.4 loaded (major 251)
[    1.030853] io scheduler mq-deadline registered
[    1.032101] io scheduler kyber registered
[    1.033327] input: Power Button as /devices/LNXSYSTM:00/LNXPWRBN:00/input/input0
[    1.035407] ACPI: button: Power Button [PWRF]
[    1.036902] Serial: 8250/16550 driver, 4 ports, IRQ sharing enabled
[    1.038920] 00:03: ttyS0 at I/O 0x3f8 (irq = 4, base_baud = 115200) is a 16550A
[    1.041443] Non-volatile memory driver v1.3
[    1.042686] Linux agpgart interface v0.103
[    1.043918] ACPI: bus type drm_connector registered
[    1.046004] loop: module loaded
[    1.048602] scsi host0: ata_piix
[    1.049620] scsi host1: ata_piix
[    1.050576] ata1: PATA max MWDMA2 cmd 0x1f0 ctl 0x3f6 bmdma 0xc040 irq 14
[    1.052451] ata2: PATA max MWDMA2 cmd 0x170 ctl 0x376 bmdma 0xc048 irq 15
[    1.055610] e100: Intel(R) PRO/100 Network Driver
[    1.056906] e100: Copyright(c) 1999-2006 Intel Corporation
[    1.058427] e1000: Intel(R) PRO/1000 Network Driver
[    1.059799] e1000: Copyright (c) 1999-2006 Intel Corporation.
[    1.061883] ACPI: \_SB_.LNKB: Enabled at IRQ 10
[    2.122920] tsc: Refined TSC clocksource calibration: 2600.082 MHz
[    2.124733] clocksource: tsc: mask: 0xffffffffffffffff max_cycles: 0x257a89b241c, max_idle_ns: 440795329362 ns
[    2.127627] clocksource: Switched to clocksource tsc
[    2.698941] e1000 0000:00:02.0 eth0: (PCI:33MHz:32-bit) 52:54:00:12:34:56
[    2.700961] e1000 0000:00:02.0 eth0: Intel(R) PRO/1000 Network Connection
[    2.702905] e1000e: Intel(R) PRO/1000 Network Driver
[    2.704268] e1000e: Copyright(c) 1999 - 2015 Intel Corporation.
[    2.705961] igb: Intel(R) Gigabit Ethernet Network Driver
[    2.707469] igb: Copyright (c) 2007-2014 Intel Corporation.
[    2.709031] ixgbe: Intel(R) 10 Gigabit PCI Express Network Driver
[    2.710777] ixgbe: Copyright (c) 1999-2016 Intel Corporation.
[    2.712446] ixgbevf: Intel(R) 10 Gigabit PCI Express Virtual Function Network Driver
[    2.714677] ixgbevf: Copyright (c) 2009 - 2018 Intel Corporation.
[    2.716398] i40e: Intel(R) Ethernet Connection XL710 Network Driver
[    2.718226] i40e: Copyright (c) 2013 - 2019 Intel Corporation.
[    2.719914] ixgb: Intel(R) PRO/10GbE Network Driver
[    2.721296] ixgb: Copyright (c) 1999-2008 Intel Corporation.
[    2.722967] sky2: driver version 1.30
[    2.724087] QLogic 1/10 GbE Converged/Intelligent Ethernet Driver v5.3.66
[    2.726018] QLogic/NetXen Network Driver v4.0.82
[    2.727335] QLogic FastLinQ 4xxxx Core Module qed
[    2.728667] qede init: QLogic FastLinQ 4xxxx Ethernet Driver qede
[    2.730365] Solarflare NET driver
[    2.731359] Solarflare Falcon driver v4.1
[    2.732613] Solarflare Siena driver
[    2.733739] usbcore: registered new interface driver usblp
[    2.735267] usbcore: registered new interface driver usb-storage
[    2.736993] i8042: PNP: PS/2 Controller [PNP0303:KBD,PNP0f13:MOU] at 0x60,0x64 irq 1,12
[    2.740374] serio: i8042 KBD port at 0x60,0x64 irq 1
[    2.741778] serio: i8042 AUX port at 0x60,0x64 irq 12
[    2.743287] rtc_cmos 00:04: RTC can wake from S4
[    2.745902] input: AT Translated Set 2 keyboard as /devices/platform/i8042/serio0/input/input1
[    2.751504] rtc_cmos 00:04: registered as rtc0
[    2.752891] rtc_cmos 00:04: alarms up to one day, y3k, 242 bytes nvram, hpet irqs
[    2.755141] device-mapper: ioctl: 4.47.0-ioctl (2022-07-28) initialised: dm-devel@redhat.com
[    2.757621] intel_pstate: CPU model not supported
[    2.758953] hid: raw HID events driver (C) Jiri Kosina
[    2.760446] usbcore: registered new interface driver usbhid
[    2.762111] usbhid: USB HID core driver
[    2.764011] Initializing XFRM netlink socket
[    2.765310] NET: Registered PF_INET6 protocol family
[    2.766947] Segment Routing with IPv6
[    2.767982] In-situ OAM (IOAM) with IPv6
[    2.769145] sit: IPv6, IPv4 and MPLS over IPv4 tunneling driver
[    2.770879] NET: Registered PF_PACKET protocol family
[    2.772340] Key type dns_resolver registered
[    2.773687] IPI shorthand broadcast: enabled
[    2.776481] sched_clock: Marking stable (2434003080, 341702915)->(2915107317, -139401322)
[    2.778831] registered taskstats version 1
[    2.779993] Loading compiled-in X.509 certificates
[    2.782084] PM:   Magic number: 10:27:692
[    2.783257] printk: console [netcon0] enabled
[    2.784552] netconsole: network logging started
[    3.136972] Freeing initrd memory: 18636K
[    3.547495] input: ImExPS/2 Generic Explorer Mouse as /devices/platform/i8042/serio1/input/input3
[    3.566685] e1000: eth0 NIC Link is Up 1000 Mbps Full Duplex, Flow Control: RX
[    3.574929] IPv6: ADDRCONF(NETDEV_CHANGE): eth0: link becomes ready
[    3.586749] IP-Config: Complete:
[    3.589413]      device=eth0, hwaddr=52:54:00:12:34:56, ipaddr=10.0.2.15, mask=255.255.255.0, gw=10.0.2.2
[    3.596934]      host=10.0.2.15, domain=, nis-domain=(none)
[    3.601345]      bootserver=255.255.255.255, rootserver=255.255.255.255, rootpath=
[    3.601489] cfg80211: Loading compiled-in X.509 certificates for regulatory database
[    3.613999] cryptomgr_probe (54) used greatest stack depth: 15744 bytes left
[    3.619968] Loaded X.509 cert 'sforshee: 00b28ddf47aef9cea7'
[    3.624212] ALSA device list:
[    3.626469]   No soundcards found.
[    3.629088] platform regulatory.0: Direct firmware load for regulatory.db failed with error -2
[    3.634947] cfg80211: failed to load regulatory.db
[    3.640867] Freeing unused kernel image (initmem) memory: 1328K
[    3.643757] Write protecting the kernel read-only data: 30720k
[    3.647223] Freeing unused kernel image (text/rodata gap) memory: 1848K
[    3.650048] Freeing unused kernel image (rodata/data gap) memory: 204K
[    3.652751] Run /init as init process
+ export HOME=/root
+ HOME=/root
+ export LOGNAME=root
+ LOGNAME=root
+ export TERM=vt100
+ TERM=vt100
+ export PATH=/bin:/sbin:/usr/bin:/usr/sbin:/usr/local/bin
+ PATH=/bin:/sbin:/usr/bin:/usr/sbin:/usr/local/bin
+ export 'ENV=HOME=/root LOGNAME=root TERM=vt100 PATH=/bin:/sbin:/usr/bin:/usr/sbin:/usr/local/bin'
+ ENV='HOME=/root LOGNAME=root TERM=vt100 PATH=/bin:/sbin:/usr/bin:/usr/sbin:/usr/local/bin'
+ mount -t proc /proc /proc
[    3.677629] mount (55) used greatest stack depth: 13536 bytes left
+ mount -t sysfs /sys /sys
+ mount -t devtmpfs -o mode=0755 udev /dev
+ [[ -e /dev/pts ]]
+ mkdir /dev/pts
+ mount -t devpts devpts /dev/pts
+ ln -sf /proc/mounts /etc/mtab
+ echo CMDLINE
+ cat /proc/cmdline
+ echo 'Running Setup scripts'
+ ./exp/disable_ht.sh
+ ./exp/turbo-boost.sh disable
./exp/turbo-boost.sh: line 11: /sys/devices/system/cpu/intel_pstate/no_turbo: No such file or directory
+ echo Done
+ '[' -n '' ']'
+ /usr/sbin/ip address
1: lo: <LOOPBACK,UP,LOWER_UP> mtu 65536 qdisc noqueue state UNKNOWN group default qlen 1000
    link/loopback 00:00:00:00:00:00 brd 00:00:00:00:00:00
    inet 127.0.0.1/8 scope host lo
       valid_lft forever preferred_lft forever
    inet6 ::1/128 scope host 
       valid_lft forever preferred_lft forever
2: eth0: <BROADCAST,MULTICAST,UP,LOWER_UP> mtu 1500 qdisc pfifo_fast state UP group default qlen 1000
    link/ether 52:54:00:12:34:56 brd ff:ff:ff:ff:ff:ff
    inet 10.0.2.15/24 brd 10.0.2.255 scope global eth0
       valid_lft forever preferred_lft forever
    inet6 fe80::5054:ff:fe12:3456/64 scope link tentative 
       valid_lft forever preferred_lft forever
3: sit0@NONE: <NOARP> mtu 1480 qdisc noop state DOWN group default qlen 1000
    link/sit 0.0.0.0 brd 0.0.0.0
+ /usr/sbin/dropbear -E -R -p 22
+ echo -1
+ sleep 5
[70] May 16 16:39:24 Running in background
+ echo 'UKL BOOTED'
UKL BOOTED
+ '[' -n '' ']'
+ /UKL
PROBE_OK
HEAP_EXEC_BEGIN
[    8.748401] kernel tried to execute NX-protected page - exploit attempt? (uid: 0)
[    8.752412] BUG: unable to handle page fault for address: 0000000000ea9140
[    8.756035] #PF: supervisor instruction fetch in user mode
[    8.758940] #PF: error_code(0x0011) - permissions violation
[    8.761909] IDT: 0xfffffe0000000000 (limit=0xfff) GDT: 0xfffffe0000001000 (limit=0x7f)
[    8.766040] LDTR: NULL
[    8.767366] TR: 0x40 -- base=0xfffffe0000003000 limit=0x4087
[    8.770399] PGD 105843067 P4D 105843067 PUD 105831067 PMD 105833067 PTE 80000001073a1067
[    8.774738] Oops: 0011 [#1] PREEMPT SMP
[    8.776862] CPU: 0 PID: 72 Comm: UKL Tainted: G S                 6.3.0 #3
[    8.780433] Hardware name: QEMU Ubuntu 25.10 PC v2 (i440FX + PIIX, + 10.1 machine, 1996), BIOS 1.16.3-debian-1.16.3-2 04/01/2014
[    8.786396] RIP: 00c3:0xea9140
[    8.788150] Code: 00 00 00 00 00 00 00 00 00 00 00 00 00 00 00 00 00 00 00 00 00 00 00 00 00 00 00 00 00 00 00 00 00 00 21 00 00 00 00 00 00 00 <c3> 00 00 00 00 00 00 00 00 00 00 00 00 00 00 00 00 00 00 00 00 00
[    8.797850] RSP: 0018:00007fff32d90b78 EFLAGS: 00010202
[    8.800636] RAX: 0000000000ea9140 RBX: ffffffff82e0a588 RCX: 4e494745425f4345
[    8.804336] RDX: 0000000000000000 RSI: 0000000000000000 RDI: ffffffff83acf250
[    8.808069] RBP: 00007fff32d90b90 R08: 0000000000000000 R09: 0000000000000001
[    8.811648] R10: 00000000000000c2 R11: 0000000000000000 R12: ffffffff820c7830
[    8.815150] R13: ffffffff820c78e0 R14: ffffffff82e00018 R15: 0000000000000000
[    8.818606] FS:  0000000000e00000 GS:  0000000000000000
[    8.820966] CR2: 0000000000ea9140
[    8.822549] ---[ end trace 0000000000000000 ]---
[    8.824675] RIP: 00c3:0xea9140
[    8.826097] RSP: 0018:00007fff32d90b78 EFLAGS: 00010202
[    8.828471] RAX: 0000000000ea9140 RBX: ffffffff82e0a588 RCX: 4e494745425f4345
[    8.831593] RDX: 0000000000000000 RSI: 0000000000000000 RDI: ffffffff83acf250
[    8.834631] RBP: 00007fff32d90b90 R08: 0000000000000000 R09: 0000000000000001
[    8.837648] R10: 00000000000000c2 R11: 0000000000000000 R12: ffffffff820c7830
[    8.840545] R13: ffffffff820c78e0 R14: ffffffff82e00018 R15: 0000000000000000
[    8.843322] FS:  0000000000e00000(0000) GS:ffff88813bc00000(0000) knlGS:0000000000000000
[    8.846550] CS:  00c3 DS: 0000 ES: 0000 CR0: 0000000080050033
[    8.848769] CR2: 0000000000ea9140 CR3: 00000001059f2001 CR4: 0000000000070ef0
[    8.851407] note: UKL[72] exited with irqs disabled
/init: line 93:    72 Killed                  /UKL
[    8.855765] Kernel panic - not syncing: Attempted to kill init! exitcode=0x00008900
[    8.858645] Kernel Offset: disabled
[    8.859831] ---[ end Kernel panic - not syncing: Attempted to kill init! exitcode=0x00008900 ]---
qemu-system-x86_64: terminating on signal 15 from pid 3616165 ()
