c[?7l[2J[0mSeaBIOS (version 1.16.3-debian-1.16.3-2)


iPXE (https://ipxe.org) 00:02.0 C000 PCI2.10 PnP PMM+BEFC7C80+BEF07C80 C000
Press Ctrl-B to configure iPXE (PCI 00:02.0)...                                                                               


Booting from ROM..c[?7l[2J[    0.000000] Linux version 6.3.0 (unikernels@measure) (gcc-14 (Ubuntu 14.3.0-8ubuntu1) 14.3.0, GNU ld (GNU Binutils for Ubuntu) 2.45) #1 SMP PREEMPT_DYNAMIC Fri May 15 18:21:14 UTC 2026
[    0.000000] Command line: console=ttyS0 net.ifnames=0 biosdevname=0 clearcpuid=smap,smep mitigations=off mds=off ip=10.0.2.15::10.0.2.2:255.255.255.0::eth0:on
[    0.000000] Clearing CPUID bits: smap smep
[    0.000000] x86/fpu: Supporting XSAVE feature 0x001: 'x87 floating point registers'
[    0.000000] x86/fpu: Supporting XSAVE feature 0x002: 'SSE registers'
[    0.000000] x86/fpu: Supporting XSAVE feature 0x004: 'AVX registers'
[    0.000000] x86/fpu: xstate_offset[2]:  576, xstate_sizes[2]:  256
[    0.000000] x86/fpu: Enabled xstate features 0x7, context size is 832 bytes, using 'standard' format.
[    0.000000] signal: max sigframe size: 1776
[    0.000000] BIOS-provided physical RAM map:
[    0.000000] BIOS-e820: [mem 0x0000000000000000-0x000000000009fbff] usable
[    0.000000] BIOS-e820: [mem 0x000000000009fc00-0x000000000009ffff] reserved
[    0.000000] BIOS-e820: [mem 0x00000000000f0000-0x00000000000fffff] reserved
[    0.000000] BIOS-e820: [mem 0x0000000000100000-0x00000000bffdffff] usable
[    0.000000] BIOS-e820: [mem 0x00000000bffe0000-0x00000000bfffffff] reserved
[    0.000000] BIOS-e820: [mem 0x00000000feffc000-0x00000000feffffff] reserved
[    0.000000] BIOS-e820: [mem 0x00000000fffc0000-0x00000000ffffffff] reserved
[    0.000000] BIOS-e820: [mem 0x0000000100000000-0x000000013fffffff] usable
[    0.000000] NX (Execute Disable) protection: active
[    0.000000] SMBIOS 2.8 present.
[    0.000000] DMI: QEMU Ubuntu 25.10 PC v2 (i440FX + PIIX, + 10.1 machine, 1996), BIOS 1.16.3-debian-1.16.3-2 04/01/2014
[    0.000000] tsc: Fast TSC calibration using PIT
[    0.000000] tsc: Detected 2599.941 MHz processor
[    0.000423] last_pfn = 0x140000 max_arch_pfn = 0x400000000
[    0.000468] x86/PAT: Configuration [0-7]: WB  WC  UC- UC  WB  WP  UC- WT  
[    0.000521] last_pfn = 0xbffe0 max_arch_pfn = 0x400000000
[    0.001000] found SMP MP-table at [mem 0x000f5480-0x000f548f]
[    0.001000] Using GB pages for direct mapping
[    0.001000] RAMDISK: [mem 0xbedad000-0xbffdffff]
[    0.001000] ACPI: Early table checksum verification disabled
[    0.001000] ACPI: RSDP 0x00000000000F5260 000014 (v00 BOCHS )
[    0.001000] ACPI: RSDT 0x00000000BFFE230C 000034 (v01 BOCHS  BXPC     00000001 BXPC 00000001)
[    0.001000] ACPI: FACP 0x00000000BFFE21C0 000074 (v01 BOCHS  BXPC     00000001 BXPC 00000001)
[    0.001000] ACPI: DSDT 0x00000000BFFE0040 002180 (v01 BOCHS  BXPC     00000001 BXPC 00000001)
[    0.001000] ACPI: FACS 0x00000000BFFE0000 000040
[    0.001000] ACPI: APIC 0x00000000BFFE2234 000078 (v03 BOCHS  BXPC     00000001 BXPC 00000001)
[    0.001000] ACPI: HPET 0x00000000BFFE22AC 000038 (v01 BOCHS  BXPC     00000001 BXPC 00000001)
[    0.001000] ACPI: WAET 0x00000000BFFE22E4 000028 (v01 BOCHS  BXPC     00000001 BXPC 00000001)
[    0.001000] ACPI: Reserving FACP table memory at [mem 0xbffe21c0-0xbffe2233]
[    0.001000] ACPI: Reserving DSDT table memory at [mem 0xbffe0040-0xbffe21bf]
[    0.001000] ACPI: Reserving FACS table memory at [mem 0xbffe0000-0xbffe003f]
[    0.001000] ACPI: Reserving APIC table memory at [mem 0xbffe2234-0xbffe22ab]
[    0.001000] ACPI: Reserving HPET table memory at [mem 0xbffe22ac-0xbffe22e3]
[    0.001000] ACPI: Reserving WAET table memory at [mem 0xbffe22e4-0xbffe230b]
[    0.001000] No NUMA configuration found
[    0.001000] Faking a node at [mem 0x0000000000000000-0x000000013fffffff]
[    0.001000] NODE_DATA(0) allocated [mem 0x13fffa000-0x13fffdfff]
[    0.001000] Zone ranges:
[    0.001000]   DMA      [mem 0x0000000000001000-0x0000000000ffffff]
[    0.001000]   DMA32    [mem 0x0000000001000000-0x00000000ffffffff]
[    0.001000]   Normal   [mem 0x0000000100000000-0x000000013fffffff]
[    0.001000] Movable zone start for each node
[    0.001000] Early memory node ranges
[    0.001000]   node   0: [mem 0x0000000000001000-0x000000000009efff]
[    0.001000]   node   0: [mem 0x0000000000100000-0x00000000bffdffff]
[    0.001000]   node   0: [mem 0x0000000100000000-0x000000013fffffff]
[    0.001000] Initmem setup node 0 [mem 0x0000000000001000-0x000000013fffffff]
[    0.001000] On node 0, zone DMA: 1 pages in unavailable ranges
[    0.001000] On node 0, zone DMA: 97 pages in unavailable ranges
[    0.001000] On node 0, zone Normal: 32 pages in unavailable ranges
[    0.001000] ACPI: PM-Timer IO Port: 0x608
[    0.001000] ACPI: LAPIC_NMI (acpi_id[0xff] dfl dfl lint[0x1])
[    0.001000] IOAPIC[0]: apic_id 0, version 17, address 0xfec00000, GSI 0-23
[    0.001000] ACPI: INT_SRC_OVR (bus 0 bus_irq 0 global_irq 2 dfl dfl)
[    0.001000] ACPI: INT_SRC_OVR (bus 0 bus_irq 5 global_irq 5 high level)
[    0.001000] ACPI: INT_SRC_OVR (bus 0 bus_irq 9 global_irq 9 high level)
[    0.001000] ACPI: INT_SRC_OVR (bus 0 bus_irq 10 global_irq 10 high level)
[    0.001000] ACPI: INT_SRC_OVR (bus 0 bus_irq 11 global_irq 11 high level)
[    0.001000] ACPI: Using ACPI (MADT) for SMP configuration information
[    0.001000] ACPI: HPET id: 0x8086a201 base: 0xfed00000
[    0.001000] TSC deadline timer available
[    0.001000] smpboot: Allowing 1 CPUs, 0 hotplug CPUs
[    0.001000] PM: hibernation: Registered nosave memory: [mem 0x00000000-0x00000fff]
[    0.001000] PM: hibernation: Registered nosave memory: [mem 0x0009f000-0x0009ffff]
[    0.001000] PM: hibernation: Registered nosave memory: [mem 0x000a0000-0x000effff]
[    0.001000] PM: hibernation: Registered nosave memory: [mem 0x000f0000-0x000fffff]
[    0.001000] PM: hibernation: Registered nosave memory: [mem 0xbffe0000-0xbfffffff]
[    0.001000] PM: hibernation: Registered nosave memory: [mem 0xc0000000-0xfeffbfff]
[    0.001000] PM: hibernation: Registered nosave memory: [mem 0xfeffc000-0xfeffffff]
[    0.001000] PM: hibernation: Registered nosave memory: [mem 0xff000000-0xfffbffff]
[    0.001000] PM: hibernation: Registered nosave memory: [mem 0xfffc0000-0xffffffff]
[    0.001000] [mem 0xc0000000-0xfeffbfff] available for PCI devices
[    0.001000] clocksource: refined-jiffies: mask: 0xffffffff max_cycles: 0xffffffff, max_idle_ns: 1910969940391419 ns
[    0.001000] setup_percpu: NR_CPUS:64 nr_cpumask_bits:1 nr_cpu_ids:1 nr_node_ids:1
[    0.001000] percpu: Embedded 53 pages/cpu s185512 r0 d31576 u2097152
[    0.001000] Fallback order for Node 0: 0 
[    0.001000] Built 1 zonelists, mobility grouping on.  Total pages: 1031904
[    0.001000] Policy zone: Normal
[    0.001000] Kernel command line: console=ttyS0 net.ifnames=0 biosdevname=0 clearcpuid=smap,smep mitigations=off mds=off ip=10.0.2.15::10.0.2.2:255.255.255.0::eth0:on
[    0.001000] Unknown kernel command line parameters "biosdevname=0", will be passed to user space.
[    0.001000] random: crng init done
[    0.001000] Dentry cache hash table entries: 524288 (order: 10, 4194304 bytes, linear)
[    0.001000] Inode-cache hash table entries: 262144 (order: 9, 2097152 bytes, linear)
[    0.001000] mem auto-init: stack:off, heap alloc:off, heap free:off
[    0.001000] software IO TLB: area num 1.
[    0.001000] Memory: 3990900K/4193784K available (22725K kernel code, 2848K rwdata, 5944K rodata, 1328K init, 2708K bss, 202628K reserved, 0K cma-reserved)
[    0.001000] SLUB: HWalign=64, Order=0-3, MinObjects=0, CPUs=1, Nodes=1
[    0.001000] Dynamic Preempt: none
[    0.001000] rcu: Preemptible hierarchical RCU implementation.
[    0.001000] rcu: 	RCU event tracing is enabled.
[    0.001000] rcu: 	RCU restricting CPUs from NR_CPUS=64 to nr_cpu_ids=1.
[    0.001000] 	Trampoline variant of Tasks RCU enabled.
[    0.001000] 	Tracing variant of Tasks RCU enabled.
[    0.001000] rcu: RCU calculated value of scheduler-enlistment delay is 100 jiffies.
[    0.001000] rcu: Adjusting geometry for rcu_fanout_leaf=16, nr_cpu_ids=1
[    0.001000] NR_IRQS: 4352, nr_irqs: 256, preallocated irqs: 16
[    0.001000] rcu: srcu_init: Setting srcu_struct sizes based on contention.
[    0.001000] Console: colour *CGA 80x25
[    0.001000] printk: console [ttyS0] enabled
[    0.001000] ACPI: Core revision 20221020
[    0.001000] clocksource: hpet: mask: 0xffffffff max_cycles: 0xffffffff, max_idle_ns: 19112604467 ns
[    0.001000] APIC: Switch to symmetric I/O mode setup
[    0.001000] ..TIMER: vector=0x30 apic1=0 pin1=2 apic2=-1 pin2=-1
[    0.001000] clocksource: tsc-early: mask: 0xffffffffffffffff max_cycles: 0x257a044d8d9, max_idle_ns: 440795260209 ns
[    0.348156] Calibrating delay loop (skipped), value calculated using timer frequency.. 5199.88 BogoMIPS (lpj=2599941)
[    0.349155] pid_max: default: 32768 minimum: 301
[    0.350172] LSM: initializing lsm=capability,integrity,selinux
[    0.351160] SELinux:  Initializing.
[    0.352186] Mount-cache hash table entries: 8192 (order: 4, 65536 bytes, linear)
[    0.353159] Mountpoint-cache hash table entries: 8192 (order: 4, 65536 bytes, linear)
[    0.354422] Clearing SMEP for 0
[    0.355156] Clearing SMAP for 0
[    0.356158] x86/cpu: User Mode Instruction Prevention (UMIP) activated
[    0.357246] Last level iTLB entries: 4KB 0, 2MB 0, 4MB 0
[    0.358154] Last level dTLB entries: 4KB 0, 2MB 0, 4MB 0, 1GB 0
[    0.359163] Spectre V2 : User space: Vulnerable
[    0.360155] Speculative Store Bypass: Vulnerable
[    0.367563] Freeing SMP alternatives memory: 52K
[    0.368358] smpboot: CPU0: Intel(R) Xeon(R) CPU E5-2650 v2 @ 2.60GHz (family: 0x6, model: 0x3e, stepping: 0x4)
[    0.369285] cblist_init_generic: Setting adjustable number of callback queues.
[    0.370157] cblist_init_generic: Setting shift to 0 and lim to 1.
[    0.371178] cblist_init_generic: Setting shift to 0 and lim to 1.
[    0.372178] Performance Events: IvyBridge events, full-width counters, Intel PMU driver.
[    0.373160] ... version:                2
[    0.374157] ... bit width:              48
[    0.375157] ... generic registers:      8
[    0.376158] ... value mask:             0000ffffffffffff
[    0.377157] ... max period:             00007fffffffffff
[    0.378157] ... fixed-purpose events:   3
[    0.379157] ... event mask:             00000007000000ff
[    0.380316] rcu: Hierarchical SRCU implementation.
[    0.381158] rcu: 	Max phase no-delay instances is 400.
[    0.382732] smp: Bringing up secondary CPUs ...
[    0.383159] smp: Brought up 1 node, 1 CPU
[    0.384157] smpboot: Max logical packages: 1
[    0.385158] smpboot: Total of 1 processors activated (5199.88 BogoMIPS)
[    0.386428] devtmpfs: initialized
[    0.387348] clocksource: jiffies: mask: 0xffffffff max_cycles: 0xffffffff, max_idle_ns: 1911260446275000 ns
[    0.388159] futex hash table entries: 256 (order: 2, 16384 bytes, linear)
[    0.389399] PM: RTC time: 20:10:00, date: 2026-05-15
[    0.390232] NET: Registered PF_NETLINK/PF_ROUTE protocol family
[    0.391247] audit: initializing netlink subsys (disabled)
[    0.392255] thermal_sys: Registered thermal governor 'step_wise'
[    0.392258] thermal_sys: Registered thermal governor 'user_space'
[    0.393188] audit: type=2000 audit(1778875800.052:1): state=initialized audit_enabled=0 res=1
[    0.395172] cpuidle: using governor menu
[    0.396396] PCI: Using configuration type 1 for base access
[    0.397187] core: PMU erratum BJ122, BV98, HSD29 workaround disabled, HT off
[    0.488526] HugeTLB: registered 2.00 MiB page size, pre-allocated 0 pages
[    0.489157] HugeTLB: 28 KiB vmemmap can be freed for a 2.00 MiB page
[    0.490285] ACPI: Added _OSI(Module Device)
[    0.491158] ACPI: Added _OSI(Processor Device)
[    0.492157] ACPI: Added _OSI(3.0 _SCP Extensions)
[    0.493158] ACPI: Added _OSI(Processor Aggregator Device)
[    0.494762] ACPI: 1 ACPI AML tables successfully acquired and loaded
[    0.496280] ACPI: Interpreter enabled
[    0.497173] ACPI: PM: (supports S0 S3 S4 S5)
[    0.498157] ACPI: Using IOAPIC for interrupt routing
[    0.499174] PCI: Using host bridge windows from ACPI; if necessary, use "pci=nocrs" and report a bug
[    0.500157] PCI: Using E820 reservations for host bridge windows
[    0.501270] ACPI: Enabled 2 GPEs in block 00 to 0F
[    0.504226] ACPI: PCI Root Bridge [PCI0] (domain 0000 [bus 00-ff])
[    0.505165] acpi PNP0A03:00: _OSC: OS supports [ASPM ClockPM Segments MSI HPX-Type3]
[    0.506159] acpi PNP0A03:00: _OSC: not requesting OS control; OS requires [ExtendedConfig ASPM ClockPM MSI]
[    0.507169] acpi PNP0A03:00: fail to add MMCONFIG information, can't access extended configuration space under this bridge
[    0.508235] PCI host bridge to bus 0000:00
[    0.509160] pci_bus 0000:00: root bus resource [io  0x0000-0x0cf7 window]
[    0.510158] pci_bus 0000:00: root bus resource [io  0x0d00-0xffff window]
[    0.511158] pci_bus 0000:00: root bus resource [mem 0x000a0000-0x000bffff window]
[    0.512158] pci_bus 0000:00: root bus resource [mem 0xc0000000-0xfebfffff window]
[    0.513158] pci_bus 0000:00: root bus resource [mem 0x140000000-0x1bfffffff window]
[    0.514161] pci_bus 0000:00: root bus resource [bus 00-ff]
[    0.515265] pci 0000:00:00.0: [8086:1237] type 00 class 0x060000
[    0.517417] pci 0000:00:01.0: [8086:7000] type 00 class 0x060100
[    0.519960] pci 0000:00:01.1: [8086:7010] type 00 class 0x010180
[    0.522795] pci 0000:00:01.1: reg 0x20: [io  0xc040-0xc04f]
[    0.524574] pci 0000:00:01.1: legacy IDE quirk: reg 0x10: [io  0x01f0-0x01f7]
[    0.525158] pci 0000:00:01.1: legacy IDE quirk: reg 0x14: [io  0x03f6]
[    0.526158] pci 0000:00:01.1: legacy IDE quirk: reg 0x18: [io  0x0170-0x0177]
[    0.527158] pci 0000:00:01.1: legacy IDE quirk: reg 0x1c: [io  0x0376]
[    0.528525] pci 0000:00:01.3: [8086:7113] type 00 class 0x068000
[    0.530510] pci 0000:00:01.3: quirk: [io  0x0600-0x063f] claimed by PIIX4 ACPI
[    0.531181] pci 0000:00:01.3: quirk: [io  0x0700-0x070f] claimed by PIIX4 SMB
[    0.532756] pci 0000:00:02.0: [8086:100e] type 00 class 0x020000
[    0.534158] pci 0000:00:02.0: reg 0x10: [mem 0xfeb80000-0xfeb9ffff]
[    0.536157] pci 0000:00:02.0: reg 0x14: [io  0xc000-0xc03f]
[    0.542558] pci 0000:00:02.0: reg 0x30: [mem 0xfeb00000-0xfeb7ffff pref]
[    0.544804] ACPI: PCI: Interrupt link LNKA configured for IRQ 10
[    0.545346] ACPI: PCI: Interrupt link LNKB configured for IRQ 10
[    0.546335] ACPI: PCI: Interrupt link LNKC configured for IRQ 11
[    0.547333] ACPI: PCI: Interrupt link LNKD configured for IRQ 11
[    0.548263] ACPI: PCI: Interrupt link LNKS configured for IRQ 9
[    0.549383] iommu: Default domain type: Translated 
[    0.550157] iommu: DMA domain TLB invalidation policy: lazy mode 
[    0.551232] SCSI subsystem initialized
[    0.552219] ACPI: bus type USB registered
[    0.553173] usbcore: registered new interface driver usbfs
[    0.554168] usbcore: registered new interface driver hub
[    0.555171] usbcore: registered new device driver usb
[    0.556177] pps_core: LinuxPPS API ver. 1 registered
[    0.557157] pps_core: Software ver. 5.3.6 - Copyright 2005-2007 Rodolfo Giometti <giometti@linux.it>
[    0.558163] PTP clock support registered
[    0.559201] EDAC MC: Ver: 3.0.0
[    0.560451] Advanced Linux Sound Architecture Driver Initialized.
[    0.561372] NetLabel: Initializing
[    0.562157] NetLabel:  domain hash size = 128
[    0.563157] NetLabel:  protocols = UNLABELED CIPSOv4 CALIPSO
[    0.564177] NetLabel:  unlabeled traffic allowed by default
[    0.565200] PCI: Using ACPI for IRQ routing
[    0.566481] vgaarb: loaded
[    0.567218] hpet0: at MMIO 0xfed00000, IRQs 2, 8, 0
[    0.568157] hpet0: 3 comparators, 64-bit 100.000000 MHz counter
[    0.572177] clocksource: Switched to clocksource tsc-early
[    0.574233] VFS: Disk quotas dquot_6.6.0
[    0.575768] VFS: Dquot-cache hash table entries: 512 (order 0, 4096 bytes)
[    0.578299] pnp: PnP ACPI init
[    0.579812] pnp: PnP ACPI: found 5 devices
[    0.597828] clocksource: acpi_pm: mask: 0xffffff max_cycles: 0xffffff, max_idle_ns: 2085701024 ns
[    0.601246] NET: Registered PF_INET protocol family
[    0.603187] IP idents hash table entries: 65536 (order: 7, 524288 bytes, linear)
[    0.607013] tcp_listen_portaddr_hash hash table entries: 2048 (order: 3, 32768 bytes, linear)
[    0.610163] Table-perturb hash table entries: 65536 (order: 6, 262144 bytes, linear)
[    0.613037] TCP established hash table entries: 32768 (order: 6, 262144 bytes, linear)
[    0.615999] TCP bind hash table entries: 32768 (order: 8, 1048576 bytes, linear)
[    0.619363] TCP: Hash tables configured (established 32768 bind 32768)
[    0.621864] UDP hash table entries: 2048 (order: 4, 65536 bytes, linear)
[    0.624291] UDP-Lite hash table entries: 2048 (order: 4, 65536 bytes, linear)
[    0.626998] NET: Registered PF_UNIX/PF_LOCAL protocol family
[    0.629367] RPC: Registered named UNIX socket transport module.
[    0.631623] RPC: Registered udp transport module.
[    0.633321] RPC: Registered tcp transport module.
[    0.635091] RPC: Registered tcp NFSv4.1 backchannel transport module.
[    0.637802] pci_bus 0000:00: resource 4 [io  0x0000-0x0cf7 window]
[    0.640067] pci_bus 0000:00: resource 5 [io  0x0d00-0xffff window]
[    0.642298] pci_bus 0000:00: resource 6 [mem 0x000a0000-0x000bffff window]
[    0.644851] pci_bus 0000:00: resource 7 [mem 0xc0000000-0xfebfffff window]
[    0.647338] pci_bus 0000:00: resource 8 [mem 0x140000000-0x1bfffffff window]
[    0.650123] pci 0000:00:01.0: PIIX3: Enabling Passive Release
[    0.652283] pci 0000:00:00.0: Limiting direct PCI/PCI transfers
[    0.654753] PCI: CLS 0 bytes, default 64
[    0.656218] PCI-DMA: Using software bounce buffering for IO (SWIOTLB)
[    0.658643] software IO TLB: mapped [mem 0x00000000badad000-0x00000000bedad000] (64MB)
[    0.661634] Unpacking initramfs...
[    1.001591] RAPL PMU: API unit is 2^-32 Joules, 0 fixed counters, 10737418240 ms ovfl timer
[    1.005936] Initialise system trusted keyrings
[    1.007690] workingset: timestamp_bits=56 max_order=20 bucket_order=0
[    1.010775] NFS: Registering the id_resolver key type
[    1.012692] Key type id_resolver registered
[    1.014193] Key type id_legacy registered
[    1.027279] Key type asymmetric registered
[    1.028865] Asymmetric key parser 'x509' registered
[    1.030716] Block layer SCSI generic (bsg) driver version 0.4 loaded (major 251)
[    1.033374] io scheduler mq-deadline registered
[    1.035096] io scheduler kyber registered
[    1.036794] input: Power Button as /devices/LNXSYSTM:00/LNXPWRBN:00/input/input0
[    1.039497] ACPI: button: Power Button [PWRF]
[    1.041493] Serial: 8250/16550 driver, 4 ports, IRQ sharing enabled
[    1.044161] 00:03: ttyS0 at I/O 0x3f8 (irq = 4, base_baud = 115200) is a 16550A
[    1.047486] Non-volatile memory driver v1.3
[    1.049090] Linux agpgart interface v0.103
[    1.050762] ACPI: bus type drm_connector registered
[    1.053614] loop: module loaded
[    1.056995] scsi host0: ata_piix
[    1.058318] scsi host1: ata_piix
[    1.059656] ata1: PATA max MWDMA2 cmd 0x1f0 ctl 0x3f6 bmdma 0xc040 irq 14
[    1.062125] ata2: PATA max MWDMA2 cmd 0x170 ctl 0x376 bmdma 0xc048 irq 15
[    1.066271] e100: Intel(R) PRO/100 Network Driver
[    1.068030] e100: Copyright(c) 1999-2006 Intel Corporation
[    1.070067] e1000: Intel(R) PRO/1000 Network Driver
[    1.071874] e1000: Copyright (c) 1999-2006 Intel Corporation.
[    1.074706] ACPI: \_SB_.LNKB: Enabled at IRQ 10
[    1.975691] tsc: Refined TSC clocksource calibration: 2600.075 MHz
[    1.977995] clocksource: tsc: mask: 0xffffffffffffffff max_cycles: 0x257a832e3d3, max_idle_ns: 440795311382 ns
[    1.986679] clocksource: Switched to clocksource tsc
[    3.137784] e1000 0000:00:02.0 eth0: (PCI:33MHz:32-bit) 52:54:00:12:34:56
[    3.140314] e1000 0000:00:02.0 eth0: Intel(R) PRO/1000 Network Connection
[    3.142889] e1000e: Intel(R) PRO/1000 Network Driver
[    3.144733] e1000e: Copyright(c) 1999 - 2015 Intel Corporation.
[    3.146926] igb: Intel(R) Gigabit Ethernet Network Driver
[    3.148969] igb: Copyright (c) 2007-2014 Intel Corporation.
[    3.151046] ixgbe: Intel(R) 10 Gigabit PCI Express Network Driver
[    3.153293] ixgbe: Copyright (c) 1999-2016 Intel Corporation.
[    3.155511] ixgbevf: Intel(R) 10 Gigabit PCI Express Virtual Function Network Driver
[    3.158379] ixgbevf: Copyright (c) 2009 - 2018 Intel Corporation.
[    3.160753] i40e: Intel(R) Ethernet Connection XL710 Network Driver
[    3.163053] i40e: Copyright (c) 2013 - 2019 Intel Corporation.
[    3.165280] ixgb: Intel(R) PRO/10GbE Network Driver
[    3.167113] ixgb: Copyright (c) 1999-2008 Intel Corporation.
[    3.169213] sky2: driver version 1.30
[    3.170762] QLogic 1/10 GbE Converged/Intelligent Ethernet Driver v5.3.66
[    3.173252] QLogic/NetXen Network Driver v4.0.82
[    3.175016] QLogic FastLinQ 4xxxx Core Module qed
[    3.176783] qede init: QLogic FastLinQ 4xxxx Ethernet Driver qede
[    3.179056] Solarflare NET driver
[    3.180364] Solarflare Falcon driver v4.1
[    3.181939] Solarflare Siena driver
[    3.183401] usbcore: registered new interface driver usblp
[    3.185469] usbcore: registered new interface driver usb-storage
[    3.187842] i8042: PNP: PS/2 Controller [PNP0303:KBD,PNP0f13:MOU] at 0x60,0x64 irq 1,12
[    3.192341] serio: i8042 KBD port at 0x60,0x64 irq 1
[    3.194204] serio: i8042 AUX port at 0x60,0x64 irq 12
[    3.196267] rtc_cmos 00:04: RTC can wake from S4
[    3.199768] input: AT Translated Set 2 keyboard as /devices/platform/i8042/serio0/input/input1
[    3.207274] rtc_cmos 00:04: registered as rtc0
[    3.209112] rtc_cmos 00:04: alarms up to one day, y3k, 242 bytes nvram, hpet irqs
[    3.211964] device-mapper: ioctl: 4.47.0-ioctl (2022-07-28) initialised: dm-devel@redhat.com
[    3.215181] intel_pstate: CPU model not supported
[    3.217000] hid: raw HID events driver (C) Jiri Kosina
[    3.219032] usbcore: registered new interface driver usbhid
[    3.221102] usbhid: USB HID core driver
[    3.223503] Initializing XFRM netlink socket
[    3.225160] NET: Registered PF_INET6 protocol family
[    3.227378] Segment Routing with IPv6
[    3.228846] In-situ OAM (IOAM) with IPv6
[    3.230350] sit: IPv6, IPv4 and MPLS over IPv4 tunneling driver
[    3.232695] NET: Registered PF_PACKET protocol family
[    3.234522] Key type dns_resolver registered
[    3.236330] IPI shorthand broadcast: enabled
[    3.240080] sched_clock: Marking stable (2900004833, 339152059)->(3376056122, -136899230)
[    3.243171] registered taskstats version 1
[    3.244788] Loading compiled-in X.509 certificates
[    3.247525] PM:   Magic number: 10:858:194
[    3.249144] printk: console [netcon0] enabled
[    3.250810] netconsole: network logging started
[    3.707975] Freeing initrd memory: 18636K
[    3.904238] input: ImExPS/2 Generic Explorer Mouse as /devices/platform/i8042/serio1/input/input3
[    3.923722] e1000: eth0 NIC Link is Up 1000 Mbps Full Duplex, Flow Control: RX
[    3.932015] IPv6: ADDRCONF(NETDEV_CHANGE): eth0: link becomes ready
[    3.943286] IP-Config: Complete:
[    3.946027]      device=eth0, hwaddr=52:54:00:12:34:56, ipaddr=10.0.2.15, mask=255.255.255.0, gw=10.0.2.2
[    3.953690]      host=10.0.2.15, domain=, nis-domain=(none)
[    3.958131]      bootserver=255.255.255.255, rootserver=255.255.255.255, rootpath=
[    3.958296] cfg80211: Loading compiled-in X.509 certificates for regulatory database
[    3.970869] cryptomgr_probe (55) used greatest stack depth: 15544 bytes left
[    3.976719] Loaded X.509 cert 'sforshee: 00b28ddf47aef9cea7'
[    3.980968] ALSA device list:
[    3.983121]   No soundcards found.
[    3.985676] platform regulatory.0: Direct firmware load for regulatory.db failed with error -2
[    3.991534] cfg80211: failed to load regulatory.db
[    3.997400] Freeing unused kernel image (initmem) memory: 1328K
[    4.000215] Write protecting the kernel read-only data: 30720k
[    4.003767] Freeing unused kernel image (text/rodata gap) memory: 1848K
[    4.006505] Freeing unused kernel image (rodata/data gap) memory: 204K
[    4.009229] Run /init as init process
+ export HOME=/root
+ HOME=/root
+ export LOGNAME=root
+ LOGNAME=root
+ export TERM=vt100
+ TERM=vt100
+ export PATH=/bin:/sbin:/usr/bin:/usr/sbin:/usr/local/bin
+ PATH=/bin:/sbin:/usr/bin:/usr/sbin:/usr/local/bin
+ export 'ENV=HOME=/root LOGNAME=root TERM=vt100 PATH=/bin:/sbin:/usr/bin:/usr/sbin:/usr/local/bin'
+ ENV='HOME=/root LOGNAME=root TERM=vt100 PATH=/bin:/sbin:/usr/bin:/usr/sbin:/usr/local/bin'
+ mount -t proc /proc /proc
[    4.034514] mount (56) used greatest stack depth: 13536 bytes left
+ mount -t sysfs /sys /sys
+ mount -t devtmpfs -o mode=0755 udev /dev
+ [[ -e /dev/pts ]]
+ mkdir /dev/pts
+ mount -t devpts devpts /dev/pts
+ ln -sf /proc/mounts /etc/mtab
+ echo CMDLINE
+ cat /proc/cmdline
+ echo 'Running Setup scripts'
+ ./exp/disable_ht.sh
+ ./exp/turbo-boost.sh disable
./exp/turbo-boost.sh: line 11: /sys/devices/system/cpu/intel_pstate/no_turbo: No such file or directory
+ echo Done
+ '[' -n '' ']'
+ /usr/sbin/ip address
1: lo: <LOOPBACK,UP,LOWER_UP> mtu 65536 qdisc noqueue state UNKNOWN group default qlen 1000
    link/loopback 00:00:00:00:00:00 brd 00:00:00:00:00:00
    inet 127.0.0.1/8 scope host lo
       valid_lft forever preferred_lft forever
    inet6 ::1/128 scope host 
       valid_lft forever preferred_lft forever
2: eth0: <BROADCAST,MULTICAST,UP,LOWER_UP> mtu 1500 qdisc pfifo_fast state UP group default qlen 1000
    link/ether 52:54:00:12:34:56 brd ff:ff:ff:ff:ff:ff
    inet 10.0.2.15/24 brd 10.0.2.255 scope global eth0
       valid_lft forever preferred_lft forever
    inet6 fe80::5054:ff:fe12:3456/64 scope link tentative 
       valid_lft forever preferred_lft forever
3: sit0@NONE: <NOARP> mtu 1480 qdisc noop state DOWN group default qlen 1000
    link/sit 0.0.0.0 brd 0.0.0.0
+ /usr/sbin/dropbear -E -R -p 22
+ echo -1
+ sleep 5
[71] May 15 20:10:03 Running in background
+ echo 'UKL BOOTED'
UKL BOOTED
+ '[' -n '' ']'
+ /UKL
PROBE_OK
MAIN=0xffffffff820495a5
STACK=0x7fff2f0a4eac
HEAP=0x233c140
[    9.109099] Kernel panic - not syncing: Attempted to kill init! exitcode=0x00000000
[    9.113202] CPU: 0 PID: 1 Comm: init Tainted: G S                 6.3.0 #1
[    9.116912] Hardware name: QEMU Ubuntu 25.10 PC v2 (i440FX + PIIX, + 10.1 machine, 1996), BIOS 1.16.3-debian-1.16.3-2 04/01/2014
[    9.123023] Call Trace:
[    9.124419]  <TASK>
[    9.125743]  dump_stack_lvl+0x38/0x50
[    9.127808]  panic+0x304/0x310
[    9.129443]  do_exit+0x93b/0xaa0
[    9.131254]  do_group_exit+0x28/0x80
[    9.133264]  __x64_sys_exit_group+0xf/0x10
[    9.135490]  do_syscall_64+0x35/0x80
[    9.137455]  entry_SYSCALL_64_after_hwframe+0x63/0xcd
[    9.140232] RIP: 0033:0x7fafafa9a4d1
[    9.142190] Code: 55 a9 11 00 be e7 00 00 00 ba 3c 00 00 00 eb 16 66 0f 1f 84 00 00 00 00 00 89 d0 0f 05 48 3d 00 f0 ff ff 77 1c f4 89 f0 0f 05 <48> 3d 00 f0 ff ff 76 e7 f7 d8 64 41 89 00 eb df 0f 1f 80 00 00 00
[    9.152012] RSP: 002b:00007fffef487e18 EFLAGS: 00000246 ORIG_RAX: 00000000000000e7
[    9.156036] RAX: ffffffffffffffda RBX: 00007fafafbb19e0 RCX: 00007fafafa9a4d1
[    9.159875] RDX: 000000000000003c RSI: 00000000000000e7 RDI: 0000000000000000
[    9.163668] RBP: 0000000000000000 R08: ffffffffffffff80 R09: 00007fffef487d2f
[    9.167372] R10: 00007fffef487ca0 R11: 0000000000000246 R12: 00007fafafbb19e0
[    9.170927] R13: 0000000000000000 R14: 00007fafafbb6ee8 R15: 00007fafafbb6f00
[    9.174419]  </TASK>
[    9.175910] Kernel Offset: disabled
[    9.177705] ---[ end Kernel panic - not syncing: Attempted to kill init! exitcode=0x00000000 ]---
qemu-system-x86_64: terminating on signal 15 from pid 3554756 (timeout)
